Component: ARM Compiler 5.06 update 4 (build 422) Tool: armlink [4d35d2]

==============================================================================

Section Cross References

    system_stm32f10x.o(i.SetSysClock) refers to system_stm32f10x.o(i.SetSysClockTo72) for SetSysClockTo72
    system_stm32f10x.o(i.SystemCoreClockUpdate) refers to system_stm32f10x.o(.data) for SystemCoreClock
    system_stm32f10x.o(i.SystemInit) refers to system_stm32f10x.o(i.SetSysClock) for SetSysClock
    executable.o(i.Button_Config) refers to stm32f10x_rcc.o(i.RCC_APB2PeriphClockCmd) for RCC_APB2PeriphClockCmd
    executable.o(i.Button_Config) refers to stm32f10x_gpio.o(i.GPIO_Init) for GPIO_Init
    executable.o(i.Button_Poll) refers to stm32f10x_gpio.o(i.GPIO_ReadInputDataBit) for GPIO_ReadInputDataBit
    executable.o(i.Button_Poll) refers to executable.o(.data) for ucRegDiscreteBuf
    executable.o(i.LED_Poll) refers to fmul.o(x$fpl$fmul) for __aeabi_fmul
    executable.o(i.LED_Poll) refers to ffixu.o(x$fpl$ffixu) for __aeabi_f2uiz
    executable.o(i.LED_Poll) refers to adxl362.o(.bss) for adxl362Info
    executable.o(i.LED_Poll) refers to executable.o(.data) for usRegHoldingBuf
    executable.o(i.LED_Poll) refers to sht20.o(.data) for sht20_info
    executable.o(i.LED_Poll) refers to oled.o(.data) for readByte
    executable.o(i.LED_Poll) refers to unicorn_drive.o(.data) for light_info
    executable.o(i.Relay_Config) refers to stm32f10x_rcc.o(i.RCC_APB2PeriphClockCmd) for RCC_APB2PeriphClockCmd
    executable.o(i.Relay_Config) refers to stm32f10x_gpio.o(i.GPIO_Init) for GPIO_Init
    executable.o(i.Relay_Poll) refers to stm32f10x_gpio.o(i.GPIO_SetBits) for GPIO_SetBits
    executable.o(i.Relay_Poll) refers to stm32f10x_gpio.o(i.GPIO_ResetBits) for GPIO_ResetBits
    executable.o(i.Relay_Poll) refers to executable.o(.data) for ucRegCoilsBuf
    executable.o(i.eMBRegCoilsCB) refers to mbutils.o(i.xMBUtilGetBits) for xMBUtilGetBits
    executable.o(i.eMBRegCoilsCB) refers to mbutils.o(i.xMBUtilSetBits) for xMBUtilSetBits
    executable.o(i.eMBRegCoilsCB) refers to executable.o(.data) for ucRegCoilsBuf
    executable.o(i.eMBRegDiscreteCB) refers to mbutils.o(i.xMBUtilGetBits) for xMBUtilGetBits
    executable.o(i.eMBRegDiscreteCB) refers to executable.o(.data) for ucRegDiscreteBuf
    executable.o(i.eMBRegHoldingCB) refers to executable.o(.data) for usRegHoldingStart
    executable.o(i.eMBRegInputCB) refers to executable.o(.data) for usRegInputStart
    mbcrc.o(i.usMBCRC16) refers to mbcrc.o(.constdata) for aucCRCHi
    mbrtu.o(i.eMBRTUInit) refers to portserial.o(i.xMBPortSerialInit) for xMBPortSerialInit
    mbrtu.o(i.eMBRTUInit) refers to porttimer.o(i.xMBPortTimersInit) for xMBPortTimersInit
    mbrtu.o(i.eMBRTUReceive) refers to assert.o(.text) for __aeabi_assert
    mbrtu.o(i.eMBRTUReceive) refers to mbcrc.o(i.usMBCRC16) for usMBCRC16
    mbrtu.o(i.eMBRTUReceive) refers to mbrtu.o(.data) for usRcvBufferPos
    mbrtu.o(i.eMBRTUReceive) refers to mbrtu.o(.bss) for ucRTUBuf
    mbrtu.o(i.eMBRTUSend) refers to mbcrc.o(i.usMBCRC16) for usMBCRC16
    mbrtu.o(i.eMBRTUSend) refers to portserial.o(i.xMBPortSerialPutByte) for xMBPortSerialPutByte
    mbrtu.o(i.eMBRTUSend) refers to portserial.o(i.vMBPortSerialEnable) for vMBPortSerialEnable
    mbrtu.o(i.eMBRTUSend) refers to mbrtu.o(.data) for eRcvState
    mbrtu.o(i.eMBRTUSend) refers to mbrtu.o(.bss) for ucRTUBuf
    mbrtu.o(i.eMBRTUStart) refers to portserial.o(i.vMBPortSerialEnable) for vMBPortSerialEnable
    mbrtu.o(i.eMBRTUStart) refers to porttimer.o(i.vMBPortTimersEnable) for vMBPortTimersEnable
    mbrtu.o(i.eMBRTUStart) refers to mbrtu.o(.data) for eRcvState
    mbrtu.o(i.eMBRTUStop) refers to portserial.o(i.vMBPortSerialEnable) for vMBPortSerialEnable
    mbrtu.o(i.eMBRTUStop) refers to porttimer.o(i.vMBPortTimersDisable) for vMBPortTimersDisable
    mbrtu.o(i.xMBRTUReceiveFSM) refers to assert.o(.text) for __aeabi_assert
    mbrtu.o(i.xMBRTUReceiveFSM) refers to portserial.o(i.xMBPortSerialGetByte) for xMBPortSerialGetByte
    mbrtu.o(i.xMBRTUReceiveFSM) refers to porttimer.o(i.vMBPortTimersEnable) for vMBPortTimersEnable
    mbrtu.o(i.xMBRTUReceiveFSM) refers to mbrtu.o(.data) for eSndState
    mbrtu.o(i.xMBRTUReceiveFSM) refers to mbrtu.o(.bss) for ucRTUBuf
    mbrtu.o(i.xMBRTUTimerT35Expired) refers to portevent.o(i.xMBPortEventPost) for xMBPortEventPost
    mbrtu.o(i.xMBRTUTimerT35Expired) refers to assert.o(.text) for __aeabi_assert
    mbrtu.o(i.xMBRTUTimerT35Expired) refers to porttimer.o(i.vMBPortTimersDisable) for vMBPortTimersDisable
    mbrtu.o(i.xMBRTUTimerT35Expired) refers to mbrtu.o(.data) for eRcvState
    mbrtu.o(i.xMBRTUTimerT35Expired) refers to mbrtu.o(.conststring) for .conststring
    mbrtu.o(i.xMBRTUTransmitFSM) refers to assert.o(.text) for __aeabi_assert
    mbrtu.o(i.xMBRTUTransmitFSM) refers to portserial.o(i.vMBPortSerialEnable) for vMBPortSerialEnable
[...]
    DMA2_Channel3_IRQHandler                 0x080002f3   Thumb Code     0  startup_stm32f10x_hd.o(.text)
    DMA2_Channel4_5_IRQHandler               0x080002f3   Thumb Code     0  startup_stm32f10x_hd.o(.text)
    EXTI0_IRQHandler                         0x080002f3   Thumb Code     0  startup_stm32f10x_hd.o(.text)
    EXTI15_10_IRQHandler                     0x080002f3   Thumb Code     0  startup_stm32f10x_hd.o(.text)
    EXTI1_IRQHandler                         0x080002f3   Thumb Code     0  startup_stm32f10x_hd.o(.text)
    EXTI2_IRQHandler                         0x080002f3   Thumb Code     0  startup_stm32f10x_hd.o(.text)
    EXTI3_IRQHandler                         0x080002f3   Thumb Code     0  startup_stm32f10x_hd.o(.text)
    EXTI4_IRQHandler                         0x080002f3   Thumb Code     0  startup_stm32f10x_hd.o(.text)
    EXTI9_5_IRQHandler                       0x080002f3   Thumb Code     0  startup_stm32f10x_hd.o(.text)
    FLASH_IRQHandler                         0x080002f3   Thumb Code     0  startup_stm32f10x_hd.o(.text)
    FSMC_IRQHandler                          0x080002f3   Thumb Code     0  startup_stm32f10x_hd.o(.text)
    I2C1_ER_IRQHandler                       0x080002f3   Thumb Code     0  startup_stm32f10x_hd.o(.text)
    I2C1_EV_IRQHandler                       0x080002f3   Thumb Code     0  startup_stm32f10x_hd.o(.text)
    I2C2_ER_IRQHandler                       0x080002f3   Thumb Code     0  startup_stm32f10x_hd.o(.text)
    I2C2_EV_IRQHandler                       0x080002f3   Thumb Code     0  startup_stm32f10x_hd.o(.text)
    PVD_IRQHandler                           0x080002f3   Thumb Code     0  startup_stm32f10x_hd.o(.text)
    RCC_IRQHandler                           0x080002f3   Thumb Code     0  startup_stm32f10x_hd.o(.text)
    RTCAlarm_IRQHandler                      0x080002f3   Thumb Code     0  startup_stm32f10x_hd.o(.text)
    RTC_IRQHandler                           0x080002f3   Thumb Code     0  startup_stm32f10x_hd.o(.text)
    SDIO_IRQHandler                          0x080002f3   Thumb Code     0  startup_stm32f10x_hd.o(.text)
    SPI1_IRQHandler                          0x080002f3   Thumb Code     0  startup_stm32f10x_hd.o(.text)
    SPI2_IRQHandler                          0x080002f3   Thumb Code     0  startup_stm32f10x_hd.o(.text)
    SPI3_IRQHandler                          0x080002f3   Thumb Code     0  startup_stm32f10x_hd.o(.text)
    TAMPER_IRQHandler                        0x080002f3   Thumb Code     0  startup_stm32f10x_hd.o(.text)
    TIM1_BRK_IRQHandler                      0x080002f3   Thumb Code     0  startup_stm32f10x_hd.o(.text)
    TIM1_CC_IRQHandler                       0x080002f3   Thumb Code     0  startup_stm32f10x_hd.o(.text)
    TIM1_TRG_COM_IRQHandler                  0x080002f3   Thumb Code     0  startup_stm32f10x_hd.o(.text)
    TIM1_UP_IRQHandler                       0x080002f3   Thumb Code     0  startup_stm32f10x_hd.o(.text)
    TIM2_IRQHandler                          0x080002f3   Thumb Code     0  startup_stm32f10x_hd.o(.text)
    TIM3_IRQHandler                          0x080002f3   Thumb Code     0  startup_stm32f10x_hd.o(.text)
    TIM5_IRQHandler                          0x080002f3   Thumb Code     0  startup_stm32f10x_hd.o(.text)
    TIM6_IRQHandler                          0x080002f3   Thumb Code     0  startup_stm32f10x_hd.o(.text)
    TIM7_IRQHandler                          0x080002f3   Thumb Code     0  startup_stm32f10x_hd.o(.text)
    TIM8_BRK_IRQHandler                      0x080002f3   Thumb Code     0  startup_stm32f10x_hd.o(.text)
    TIM8_CC_IRQHandler                       0x080002f3   Thumb Code     0  startup_stm32f10x_hd.o(.text)
    TIM8_TRG_COM_IRQHandler                  0x080002f3   Thumb Code     0  startup_stm32f10x_hd.o(.text)
    TIM8_UP_IRQHandler                       0x080002f3   Thumb Code     0  startup_stm32f10x_hd.o(.text)
    UART4_IRQHandler                         0x080002f3   Thumb Code     0  startup_stm32f10x_hd.o(.text)
    UART5_IRQHandler                         0x080002f3   Thumb Code     0  startup_stm32f10x_hd.o(.text)
    USART3_IRQHandler                        0x080002f3   Thumb Code     0  startup_stm32f10x_hd.o(.text)
    USBWakeUp_IRQHandler                     0x080002f3   Thumb Code     0  startup_stm32f10x_hd.o(.text)
    USB_HP_CAN1_TX_IRQHandler                0x080002f3   Thumb Code     0  startup_stm32f10x_hd.o(.text)
    USB_LP_CAN1_RX0_IRQHandler               0x080002f3   Thumb Code     0  startup_stm32f10x_hd.o(.text)
    WWDG_IRQHandler                          0x080002f3   Thumb Code     0  startup_stm32f10x_hd.o(.text)
    __user_initial_stackheap                 0x080002f5   Thumb Code     0  startup_stm32f10x_hd.o(.text)
    __2sprintf                               0x08000319   Thumb Code    38  __2sprintf.o(.text)
    _printf_int_dec                          0x08000345   Thumb Code   104  _printf_dec.o(.text)
    __printf                                 0x080003bd   Thumb Code   388  __printf_flags_ss_wp.o(.text)
    __aeabi_assert                           0x08000545   Thumb Code    86  assert.o(.text)
    __assert                                 0x08000545   Thumb Code     0  assert.o(.text)
    strchr                                   0x080005c5   Thumb Code    20  strchr.o(.text)
    strstr                                   0x080005d9   Thumb Code    36  strstr.o(.text)
    strlen                                   0x080005fd   Thumb Code    62  strlen.o(.text)
    __aeabi_memcpy                           0x0800063b   Thumb Code     0  rt_memcpy_v6.o(.text)
    __rt_memcpy                              0x0800063b   Thumb Code   138  rt_memcpy_v6.o(.text)
    _memcpy_lastbytes                        0x080006a1   Thumb Code     0  rt_memcpy_v6.o(.text)
    __aeabi_memclr                           0x080006c5   Thumb Code     0  rt_memclr.o(.text)
    __rt_memclr                              0x080006c5   Thumb Code    68  rt_memclr.o(.text)
    _memset                                  0x080006c9   Thumb Code     0  rt_memclr.o(.text)
    __aeabi_memclr4                          0x08000709   Thumb Code     0  rt_memclr_w.o(.text)
    __aeabi_memclr8                          0x08000709   Thumb Code     0  rt_memclr_w.o(.text)
    __rt_memclr_w                            0x08000709   Thumb Code    78  rt_memclr_w.o(.text)
    _memset_w                                0x0800070d   Thumb Code     0  rt_memclr_w.o(.text)
    __use_two_region_memory                  0x08000757   Thumb Code     2  heapauxi.o(.text)
    __rt_heap_escrow$2region                 0x08000759   Thumb Code     2  heapauxi.o(.text)
    __rt_heap_expand$2region                 0x0800075b   Thumb Code     2  heapauxi.o(.text)
    __read_errno                             0x0800075d   Thumb Code    10  _rserrno.o(.text)
    __set_errno                              0x08000767   Thumb Code    12  _rserrno.o(.text)
    _printf_int_common                       0x08000773   Thumb Code   178  _printf_intcommon.o(.text)
    __lib_sel_fp_printf                      0x08000825   Thumb Code     2  _printf_fp_dec.o(.text)
    _printf_fp_dec_real                      0x080009d3   Thumb Code   620  _printf_fp_dec.o(.text)
    _printf_char_common                      0x08000c4b   Thumb Code    32  _printf_char_common.o(.text)
    _sputc                                   0x08000c71   Thumb Code    10  _sputc.o(.text)
    abort                                    0x08000c7b   Thumb Code    22  abort.o(.text)
    __assert_puts                            0x08000c91   Thumb Code    20  assert_puts.o(.text)
    __aeabi_memcpy4                          0x08000ca5   Thumb Code     0  rt_memcpy_w.o(.text)
    __aeabi_memcpy8                          0x08000ca5   Thumb Code     0  rt_memcpy_w.o(.text)
    __rt_memcpy_w                            0x08000ca5   Thumb Code   100  rt_memcpy_w.o(.text)
    _memcpy_lastbytes_aligned                0x08000ced   Thumb Code     0  rt_memcpy_w.o(.text)
    _ttywrch                                 0x08000d09   Thumb Code    14  sys_wrch.o(.text)
    _sys_exit                                0x08000d19   Thumb Code     8  sys_exit.o(.text)
    __rt_locale                              0x08000d25   Thumb Code     8  rt_locale_intlibspace.o(.text)
    __aeabi_errno_addr                       0x08000d2d   Thumb Code     8  rt_errno_addr_intlibspace.o(.text)
    __errno$intlibspace                      0x08000d2d   Thumb Code     0  rt_errno_addr_intlibspace.o(.text)
    __rt_errno_addr$intlibspace              0x08000d2d   Thumb Code     0  rt_errno_addr_intlibspace.o(.text)
    _ll_udiv10                               0x08000d35   Thumb Code   138  lludiv10.o(.text)
    _printf_fp_infnan                        0x08000dc1   Thumb Code   112  _printf_fp_infnan.o(.text)
    _btod_etento                             0x08000e41   Thumb Code   216  bigflt0.o(.text)
    __rt_SIGABRT                             0x08000f1d   Thumb Code    14  defsig_abrt_outer.o(.text)
    __user_libspace                          0x08000f2d   Thumb Code     8  libspace.o(.text)
    __user_perproc_libspace                  0x08000f2d   Thumb Code     0  libspace.o(.text)
    __user_perthread_libspace                0x08000f2d   Thumb Code     0  libspace.o(.text)
    __I$use$semihosting                      0x08000f35   Thumb Code     0  use_no_semi.o(.text)
    __use_no_semihosting_swi                 0x08000f35   Thumb Code     2  use_no_semi.o(.text)
    __semihosting_library_function           0x08000f37   Thumb Code     0  indicate_semi.o(.text)
    __user_setup_stackheap                   0x08000f37   Thumb Code    74  sys_stackheap_outer.o(.text)
    exit                                     0x08000f81   Thumb Code    18  exit.o(.text)
    __sig_exit                               0x08000f93   Thumb Code    10  defsig_exit.o(.text)
    __rt_SIGABRT_inner                       0x08000f9d   Thumb Code    14  defsig_abrt_inner.o(.text)
    strcmp                                   0x08000fcd   Thumb Code   128  strcmpv7m.o(.text)
    __default_signal_display                 0x0800104d   Thumb Code    50  defsig_general.o(.text)
    _btod_d2e                                0x0800107f   Thumb Code    62  btod.o(CL$$btod_d2e)
    _d2e_denorm_low                          0x080010bd   Thumb Code    70  btod.o(CL$$btod_d2e_denorm_low)
    _d2e_norm_op1                            0x08001103   Thumb Code    96  btod.o(CL$$btod_d2e_norm_op1)
    __btod_div_common                        0x08001163   Thumb Code   696  btod.o(CL$$btod_div_common)
    _e2e                                     0x0800149b   Thumb Code   198  btod.o(CL$$btod_e2e)
    _btod_ediv                               0x08001561   Thumb Code    40  btod.o(CL$$btod_ediv)
    _btod_emul                               0x08001589   Thumb Code    40  btod.o(CL$$btod_emul)
    __btod_mult_common                       0x080015b1   Thumb Code   580  btod.o(CL$$btod_mult_common)
    ADC_Cmd                                  0x080017f5   Thumb Code    22  stm32f10x_adc.o(i.ADC_Cmd)
    ADC_DeInit                               0x0800180d   Thumb Code    78  stm32f10x_adc.o(i.ADC_DeInit)
    ADC_GetCalibrationStatus                 0x08001869   Thumb Code    20  stm32f10x_adc.o(i.ADC_GetCalibrationStatus)
    ADC_GetConversionValue                   0x0800187d   Thumb Code     8  stm32f10x_adc.o(i.ADC_GetConversionValue)
    ADC_GetFlagStatus                        0x08001885   Thumb Code    18  stm32f10x_adc.o(i.ADC_GetFlagStatus)
    ADC_GetResetCalibrationStatus            0x08001897   Thumb Code    20  stm32f10x_adc.o(i.ADC_GetResetCalibrationStatus)
    ADC_Init                                 0x080018ad   Thumb Code    70  stm32f10x_adc.o(i.ADC_Init)
    ADC_RegularChannelConfig                 0x080018fd   Thumb Code   184  stm32f10x_adc.o(i.ADC_RegularChannelConfig)
    ADC_ResetCalibration                     0x080019b5   Thumb Code    10  stm32f10x_adc.o(i.ADC_ResetCalibration)
    ADC_SoftwareStartConvCmd                 0x080019bf   Thumb Code    22  stm32f10x_adc.o(i.ADC_SoftwareStartConvCmd)
    ADC_StartCalibration                     0x080019d5   Thumb Code    10  stm32f10x_adc.o(i.ADC_StartCalibration)
    ADC_TempSensorVrefintCmd                 0x080019e1   Thumb Code    30  stm32f10x_adc.o(i.ADC_TempSensorVrefintCmd)
    ADCx_GetValue                            0x08001a05   Thumb Code    48  adc.o(i.ADCx_GetValue)
    ADCx_GetValueTimes                       0x08001a35   Thumb Code    76  adc.o(i.ADCx_GetValueTimes)
    ADCx_GetVoltag                           0x08001a81   Thumb Code    66  adc.o(i.ADCx_GetVoltag)
    ADCx_Init                                0x08001ac9   Thumb Code   162  adc.o(i.ADCx_Init)
    ADXL362_GetRegisterValue                 0x08001b75   Thumb Code    78  adxl362.o(i.ADXL362_GetRegisterValue)
    ADXL362_GetValue                         0x08001bc5   Thumb Code   220  adxl362.o(i.ADXL362_GetValue)
    ADXL362_GetXyz                           0x08001cb5   Thumb Code    74  adxl362.o(i.ADXL362_GetXyz)
    ADXL362_Init                             0x08001d01   Thumb Code    56  adxl362.o(i.ADXL362_Init)
    ADXL362_SetPowerMode                     0x08001d3d   Thumb Code    46  adxl362.o(i.ADXL362_SetPowerMode)
    ADXL362_SetRegisterValue                 0x08001d6b   Thumb Code    48  adxl362.o(i.ADXL362_SetRegisterValue)
    AT24C02                                  0x08001d9d   Thumb Code    70  oled.o(i.AT24C02)
    AT24C02_ReadByte                         0x08001e01   Thumb Code    18  at24c02.o(i.AT24C02_ReadByte)
    AT24C02_WriteByte                        0x08001e13   Thumb Code    16  at24c02.o(i.AT24C02_WriteByte)
    Beep_Init                                0x08001ee9   Thumb Code    60  beep.o(i.Beep_Init)
    Beep_Set                                 0x08001f2d   Thumb Code    20  beep.o(i.Beep_Set)
    BusFault_Handler                         0x08001f49   Thumb Code     4  stm32f10x_it.o(i.BusFault_Handler)
    DebugMon_Handler                         0x08001f4d   Thumb Code     2  stm32f10x_it.o(i.DebugMon_Handler)
    DelayMs                                  0x08001f4f   Thumb Code    60  delay.o(i.DelayMs)
    DelayUs                                  0x08001f8d   Thumb Code    62  delay.o(i.DelayUs)
    DelayXms                                 0x08001fd1   Thumb Code    26  delay.o(i.DelayXms)
    Delay_Init                               0x08001fed   Thumb Code   112  delay.o(i.Delay_Init)
    Dis_float                                0x08002061   Thumb Code   508  oled.o(i.Dis_float)
    Dis_num                                  0x08002261   Thumb Code   224  oled.o(i.Dis_num)
    Draw_BMP                                 0x08002341   Thumb Code   118  oled.o(i.Draw_BMP)
    Draw_LQLogo                              0x080023b9   Thumb Code    52  oled.o(i.Draw_LQLogo)
    ESP8266_Clear                            0x080023f1   Thumb Code    18  esp8266.o(i.ESP8266_Clear)
    ESP8266_GetIPD                           0x0800240d   Thumb Code    68  esp8266.o(i.ESP8266_GetIPD)
    ESP8266_Init                             0x0800245d   Thumb Code   142  esp8266.o(i.ESP8266_Init)
    ESP8266_SendCmd                          0x08002569   Thumb Code    76  esp8266.o(i.ESP8266_SendCmd)
    ESP8266_SendData                         0x080025bd   Thumb Code    46  esp8266.o(i.ESP8266_SendData)
    ESP8266_WaitRecive                       0x08002605   Thumb Code    42  esp8266.o(i.ESP8266_WaitRecive)
    GPIO_Init                                0x08002639   Thumb Code   278  stm32f10x_gpio.o(i.GPIO_Init)
    GPIO_PinRemapConfig                      0x08002751   Thumb Code   138  stm32f10x_gpio.o(i.GPIO_PinRemapConfig)
    GPIO_ReadInputDataBit                    0x080027e1   Thumb Code    18  stm32f10x_gpio.o(i.GPIO_ReadInputDataBit)
    GPIO_ResetBits                           0x080027f3   Thumb Code     4  stm32f10x_gpio.o(i.GPIO_ResetBits)
    GPIO_SetBits                             0x080027f7   Thumb Code     4  stm32f10x_gpio.o(i.GPIO_SetBits)
    GPIO_WriteBit                            0x080027fb   Thumb Code    10  stm32f10x_gpio.o(i.GPIO_WriteBit)
    HardFault_Handler                        0x08002805   Thumb Code    40  stm32f10x_it.o(i.HardFault_Handler)
    I2C_ReadByte                             0x0800285d   Thumb Code   106  i2c.o(i.I2C_ReadByte)
    I2C_WriteByte                            0x080028c7   Thumb Code    92  i2c.o(i.I2C_WriteByte)
    IIC_Ack                                  0x08002925   Thumb Code    60  i2c.o(i.IIC_Ack)
    IIC_Init                                 0x08002969   Thumb Code    66  i2c.o(i.IIC_Init)
    IIC_NAck                                 0x080029b1   Thumb Code    60  i2c.o(i.IIC_NAck)
    IIC_RecvByte                             0x080029f5   Thumb Code    86  i2c.o(i.IIC_RecvByte)
    IIC_SendByte                             0x08002a55   Thumb Code    96  i2c.o(i.IIC_SendByte)
    IIC_SpeedCtl                             0x08002abd   Thumb Code     6  i2c.o(i.IIC_SpeedCtl)
    IIC_Start                                0x08002ac9   Thumb Code    60  i2c.o(i.IIC_Start)
    IIC_Stop                                 0x08002b0d   Thumb Code    60  i2c.o(i.IIC_Stop)
    IIC_WaitAck                              0x08002b51   Thumb Code    92  i2c.o(i.IIC_WaitAck)
    KEY_Init                                 0x08002bb5   Thumb Code    54  key.o(i.KEY_Init)
    KEY_red                                  0x08002bf5   Thumb Code   146  key.o(i.KEY_red)
    KeyScan                                  0x08002c91   Thumb Code    54  key.o(i.KeyScan)
    Keyboard                                 0x08002cd1   Thumb Code   128  key.o(i.Keyboard)
    LCD_CLS                                  0x08002d59   Thumb Code    56  oled.o(i.LCD_CLS)
    LCD_DLY_ms                               0x08002d91   Thumb Code    28  oled.o(i.LCD_DLY_ms)
    LCD_Fill                                 0x08002dad   Thumb Code    58  oled.o(i.LCD_Fill)
    LCD_Init                                 0x08002de9   Thumb Code   302  oled.o(i.LCD_Init)
    LCD_P8x16Str                             0x08002f29   Thumb Code   130  oled.o(i.LCD_P8x16Str)
    LCD_Set_Pos                              0x08002fb1   Thumb Code    40  oled.o(i.LCD_Set_Pos)
    LCD_WrCmd                                0x08002fd9   Thumb Code    80  oled.o(i.LCD_WrCmd)
    LCD_WrDat                                0x08003031   Thumb Code    80  oled.o(i.LCD_WrDat)
    LED_Init                                 0x08003089   Thumb Code    80  led.o(i.LED_Init)
    LED_Poll                                 0x080030e1   Thumb Code   130  executable.o(i.LED_Poll)
    LIGHT_GetVoltag                          0x08003181   Thumb Code    18  unicorn_drive.o(i.LIGHT_GetVoltag)
    LIGHT_Init                               0x0800319d   Thumb Code    46  unicorn_drive.o(i.LIGHT_Init)
    Led1_Set                                 0x080031d5   Thumb Code    38  led.o(i.Led1_Set)
    Led2_Set                                 0x08003205   Thumb Code    40  led.o(i.Led2_Set)
    Led3_Set                                 0x08003235   Thumb Code    40  led.o(i.Led3_Set)
    Led4_Set                                 0x08003265   Thumb Code    40  led.o(i.Led4_Set)
    MemManage_Handler                        0x08003295   Thumb Code     4  stm32f10x_it.o(i.MemManage_Handler)
    NMI_Handler                              0x08003299   Thumb Code     2  stm32f10x_it.o(i.NMI_Handler)
    NVIC_Init                                0x0800329d   Thumb Code   100  misc.o(i.NVIC_Init)
    NVIC_PriorityGroupConfig                 0x0800330d   Thumb Code    10  misc.o(i.NVIC_PriorityGroupConfig)
    OLED_Diamondhero_Draw_XXYY               0x08003321   Thumb Code   302  oled.o(i.OLED_Diamondhero_Draw_XXYY)
    OLED_DrawLine_X                          0x08003459   Thumb Code    50  oled.o(i.OLED_DrawLine_X)
    OLED_DrawLine_Y                          0x0800348b   Thumb Code    50  oled.o(i.OLED_DrawLine_Y)
    OLED_Draw_pot                            0x080034bd   Thumb Code   286  oled.o(i.OLED_Draw_pot)
    OLED_Interface                           0x080035e5   Thumb Code  5302  oled.o(i.OLED_Interface)
    OLED_P6x8Str                             0x08004a9d   Thumb Code    96  oled.o(i.OLED_P6x8Str)
    OLED_VIEW_OUT                            0x08004b01   Thumb Code   116  oled.o(i.OLED_VIEW_OUT)
    OLED_function                            0x08004b75   Thumb Code   630  oled.o(i.OLED_function)
    RCC_ADCCLKConfig                         0x08004e75   Thumb Code    18  stm32f10x_rcc.o(i.RCC_ADCCLKConfig)
    RCC_APB1PeriphClockCmd                   0x08004e8d   Thumb Code    26  stm32f10x_rcc.o(i.RCC_APB1PeriphClockCmd)
    RCC_APB2PeriphClockCmd                   0x08004ead   Thumb Code    26  stm32f10x_rcc.o(i.RCC_APB2PeriphClockCmd)
    RCC_APB2PeriphResetCmd                   0x08004ecd   Thumb Code    26  stm32f10x_rcc.o(i.RCC_APB2PeriphResetCmd)
    RCC_GetClocksFreq                        0x08004eed   Thumb Code   192  stm32f10x_rcc.o(i.RCC_GetClocksFreq)
    SHT20_GetValue                           0x08004fc9   Thumb Code   106  sht20.o(i.SHT20_GetValue)
    SHT20_read_user_reg                      0x08005039   Thumb Code    22  sht20.o(i.SHT20_read_user_reg)
    SHT20_reset                              0x0800504f   Thumb Code    14  sht20.o(i.SHT20_reset)
    SHT2x_CalcRH                             0x0800505d   Thumb Code    60  sht20.o(i.SHT2x_CalcRH)
    SHT2x_CalcTemperatureC                   0x080050a5   Thumb Code    60  sht20.o(i.SHT2x_CalcTemperatureC)
    SHT2x_CheckCrc                           0x080050f1   Thumb Code    74  sht20.o(i.SHT2x_CheckCrc)
    SHT2x_MeasureHM                          0x0800513b   Thumb Code   208  sht20.o(i.SHT2x_MeasureHM)
    SPI_ADXL_Init                            0x0800520d   Thumb Code    60  adxl362.o(i.SPI_ADXL_Init)
    SPI_Cmd                                  0x08005251   Thumb Code    24  stm32f10x_spi.o(i.SPI_Cmd)
    SPI_I2S_GetFlagStatus                    0x08005269   Thumb Code    18  stm32f10x_spi.o(i.SPI_I2S_GetFlagStatus)
    SPI_I2S_ReceiveData                      0x0800527b   Thumb Code     6  stm32f10x_spi.o(i.SPI_I2S_ReceiveData)
    SPI_I2S_SendData                         0x08005281   Thumb Code     4  stm32f10x_spi.o(i.SPI_I2S_SendData)
    SPI_Init                                 0x08005285   Thumb Code    60  stm32f10x_spi.o(i.SPI_Init)
    SPI_Read                                 0x080052c1   Thumb Code    56  adxl362.o(i.SPI_Read)
    SPI_Write                                0x08005301   Thumb Code    54  adxl362.o(i.SPI_Write)
    SPIx_Init                                0x08005341   Thumb Code   176  spi.o(i.SPIx_Init)
    SPIx_ReadWriteByte                       0x08005405   Thumb Code    80  spi.o(i.SPIx_ReadWriteByte)
    SPIx_SetSpeed                            0x08005455   Thumb Code    28  spi.o(i.SPIx_SetSpeed)
    SysTick_Handler                          0x0800555d   Thumb Code    28  port.o(i.SysTick_Handler)
    SystemInit                               0x0800557d   Thumb Code    78  system_stm32f10x.o(i.SystemInit)
    TIM4_IRQHandler                          0x080055dd   Thumb Code    26  porttimer.o(i.TIM4_IRQHandler)
    TIM_ARRPreloadConfig                     0x080055fd   Thumb Code    24  stm32f10x_tim.o(i.TIM_ARRPreloadConfig)
    TIM_ClearITPendingBit                    0x08005615   Thumb Code     6  stm32f10x_tim.o(i.TIM_ClearITPendingBit)
    TIM_Cmd                                  0x0800561b   Thumb Code    24  stm32f10x_tim.o(i.TIM_Cmd)
    TIM_GetITStatus                          0x08005633   Thumb Code    34  stm32f10x_tim.o(i.TIM_GetITStatus)
    TIM_ITConfig                             0x08005655   Thumb Code    18  stm32f10x_tim.o(i.TIM_ITConfig)
    TIM_SetCounter                           0x08005667   Thumb Code     4  stm32f10x_tim.o(i.TIM_SetCounter)
    TIM_TimeBaseInit                         0x0800566d   Thumb Code   122  stm32f10x_tim.o(i.TIM_TimeBaseInit)
    USART1_IRQHandler                        0x08005711   Thumb Code    60  portserial.o(i.USART1_IRQHandler)
    USART2_IRQHandler                        0x08005751   Thumb Code    62  esp8266.o(i.USART2_IRQHandler)
    USART_ClearFlag                          0x0800579d   Thumb Code    18  stm32f10x_usart.o(i.USART_ClearFlag)
    USART_ClearITPendingBit                  0x080057af   Thumb Code    30  stm32f10x_usart.o(i.USART_ClearITPendingBit)
    USART_Cmd                                0x080057cd   Thumb Code    24  stm32f10x_usart.o(i.USART_Cmd)
    USART_GetFlagStatus                      0x080057e5   Thumb Code    26  stm32f10x_usart.o(i.USART_GetFlagStatus)
    USART_GetITStatus                        0x080057ff   Thumb Code    84  stm32f10x_usart.o(i.USART_GetITStatus)
    USART_ITConfig                           0x08005853   Thumb Code    74  stm32f10x_usart.o(i.USART_ITConfig)
    USART_Init                               0x0800589d   Thumb Code   210  stm32f10x_usart.o(i.USART_Init)
    USART_ReceiveData                        0x08005975   Thumb Code    10  stm32f10x_usart.o(i.USART_ReceiveData)
    USART_SendData                           0x0800597f   Thumb Code     8  stm32f10x_usart.o(i.USART_SendData)
    UsageFault_Handler                       0x08005987   Thumb Code     4  stm32f10x_it.o(i.UsageFault_Handler)
    Usart2_Init                              0x0800598d   Thumb Code   162  usart.o(i.Usart2_Init)
    Usart_SendString                         0x08005a39   Thumb Code    50  usart.o(i.Usart_SendString)
    VIEW_CCD_dongtai                         0x08005a6d   Thumb Code   194  oled.o(i.VIEW_CCD_dongtai)
    VIEW_DCXH_dongtai                        0x08005b35   Thumb Code    12  oled.o(i.VIEW_DCXH_dongtai)
    __ARM_fpclassify                         0x08005b41   Thumb Code    40  fpclassify.o(i.__ARM_fpclassify)
    __kernel_poly                            0x08005b69   Thumb Code   170  poly.o(i.__kernel_poly)
    __mathlib_dbl_infnan                     0x08005c13   Thumb Code     6  dunder.o(i.__mathlib_dbl_infnan)
    __mathlib_dbl_underflow                  0x08005c19   Thumb Code    10  dunder.o(i.__mathlib_dbl_underflow)
    _is_digit                                0x08005c29   Thumb Code    14  __printf_wp.o(i._is_digit)
    atan                                     0x08005c39   Thumb Code   474  atan.o(i.atan)
    clear_OLED_VIEW                          0x08005e59   Thumb Code    20  oled.o(i.clear_OLED_VIEW)
    eMBEnable                                0x08005e71   Thumb Code    32  mb.o(i.eMBEnable)
    eMBFuncReadCoils                         0x08005e99   Thumb Code   166  mbfunccoils.o(i.eMBFuncReadCoils)
    eMBFuncReadDiscreteInputs                0x08005f3f   Thumb Code   164  mbfuncdisc.o(i.eMBFuncReadDiscreteInputs)
    eMBFuncReadHoldingRegister               0x08005fe3   Thumb Code   132  mbfuncholding.o(i.eMBFuncReadHoldingRegister)
    eMBFuncReadInputRegister                 0x08006067   Thumb Code   132  mbfuncinput.o(i.eMBFuncReadInputRegister)
    eMBFuncReadWriteMultipleHoldingRegister  0x080060eb   Thumb Code   212  mbfuncholding.o(i.eMBFuncReadWriteMultipleHoldingRegister)
    eMBFuncReportSlaveID                     0x080061c1   Thumb Code    30  mbfuncother.o(i.eMBFuncReportSlaveID)
    eMBFuncWriteCoil                         0x080061e9   Thumb Code   108  mbfunccoils.o(i.eMBFuncWriteCoil)
    eMBFuncWriteHoldingRegister              0x08006255   Thumb Code    62  mbfuncholding.o(i.eMBFuncWriteHoldingRegister)
    eMBFuncWriteMultipleCoils                0x08006293   Thumb Code   142  mbfunccoils.o(i.eMBFuncWriteMultipleCoils)
    eMBFuncWriteMultipleHoldingRegister      0x08006321   Thumb Code   106  mbfuncholding.o(i.eMBFuncWriteMultipleHoldingRegister)
    eMBInit                                  0x0800638d   Thumb Code   156  mb.o(i.eMBInit)
    eMBPoll                                  0x08006475   Thumb Code   268  mb.o(i.eMBPoll)
    eMBRTUInit                               0x080065ad   Thumb Code    76  mbrtu.o(i.eMBRTUInit)
    eMBRTUReceive                            0x080065fd   Thumb Code    90  mbrtu.o(i.eMBRTUReceive)
    eMBRTUSend                               0x080066b9   Thumb Code   146  mbrtu.o(i.eMBRTUSend)
    eMBRTUStart                              0x08006761   Thumb Code    22  mbrtu.o(i.eMBRTUStart)
    eMBRTUStop                               0x0800677d   Thumb Code    16  mbrtu.o(i.eMBRTUStop)
    eMBRegCoilsCB                            0x0800678d   Thumb Code   146  executable.o(i.eMBRegCoilsCB)
    eMBRegDiscreteCB                         0x08006825   Thumb Code    90  executable.o(i.eMBRegDiscreteCB)
    eMBRegHoldingCB                          0x08006885   Thumb Code   124  executable.o(i.eMBRegHoldingCB)
    eMBRegInputCB                            0x08006909   Thumb Code    68  executable.o(i.eMBRegInputCB)
    gundong                                  0x08006955   Thumb Code   238  oled.o(i.gundong)
    main                                     0x08006a4d   Thumb Code    78  main.o(i.main)
    parameter                                0x08006a9d   Thumb Code   172  oled.o(i.parameter)
    prveMBError2Exception                    0x08006eb5   Thumb Code    34  mbutils.o(i.prveMBError2Exception)
    pvPortMalloc                             0x08006f09   Thumb Code   254  heap_4.o(i.pvPortMalloc)
    pxPortInitialiseStack                    0x0800701d   Thumb Code    26  port.o(i.pxPortInitialiseStack)
    sqrt                                     0x0800703d   Thumb Code    76  sqrt.o(i.sqrt)
    usMBCRC16                                0x08007089   Thumb Code    48  mbcrc.o(i.usMBCRC16)
    uxListRemove                             0x080070c1   Thumb Code    40  list.o(i.uxListRemove)
    vListInitialise                          0x080070e9   Thumb Code    26  list.o(i.vListInitialise)
    vListInitialiseItem                      0x08007103   Thumb Code     6  list.o(i.vListInitialiseItem)
    vListInsert                              0x08007109   Thumb Code    52  list.o(i.vListInsert)
    vListInsertEnd                           0x0800713d   Thumb Code    24  list.o(i.vListInsertEnd)
    vMBPortSerialEnable                      0x08007155   Thumb Code    64  portserial.o(i.vMBPortSerialEnable)
    vMBPortTimersDisable                     0x08007199   Thumb Code    38  porttimer.o(i.vMBPortTimersDisable)
    vMBPortTimersEnable                      0x080071c5   Thumb Code    38  porttimer.o(i.vMBPortTimersEnable)
    vPortEnterCritical                       0x080071f1   Thumb Code    58  port.o(i.vPortEnterCritical)
    vPortExitCritical                        0x08007235   Thumb Code    40  port.o(i.vPortExitCritical)
    vPortFree                                0x08007261   Thumb Code   112  heap_4.o(i.vPortFree)
    vPortSetupTimerInterrupt                 0x080072d9   Thumb Code    14  port.o(i.vPortSetupTimerInterrupt)
    vPortYield                               0x080072ed   Thumb Code    18  port.o(i.vPortYield)
    vTaskDelay                               0x08007305   Thumb Code    70  tasks.o(i.vTaskDelay)
    vTaskStartScheduler                      0x08007469   Thumb Code    70  tasks.o(i.vTaskStartScheduler)
    vTaskSuspendAll                          0x080074c9   Thumb Code    12  tasks.o(i.vTaskSuspendAll)
    vTaskSwitchContext                       0x080074d9   Thumb Code   122  tasks.o(i.vTaskSwitchContext)
    xMBPortEventGet                          0x08007569   Thumb Code    26  portevent.o(i.xMBPortEventGet)
    xMBPortEventInit                         0x0800758d   Thumb Code    10  portevent.o(i.xMBPortEventInit)
    xMBPortEventPost                         0x0800759d   Thumb Code    16  portevent.o(i.xMBPortEventPost)
    xMBPortSerialGetByte                     0x080075b5   Thumb Code    16  portserial.o(i.xMBPortSerialGetByte)
    xMBPortSerialInit                        0x080075c9   Thumb Code   204  portserial.o(i.xMBPortSerialInit)
    xMBPortSerialPutByte                     0x080076a1   Thumb Code    16  portserial.o(i.xMBPortSerialPutByte)
    xMBPortTimersInit                        0x080076b5   Thumb Code   134  porttimer.o(i.xMBPortTimersInit)
    xMBRTUReceiveFSM                         0x08007745   Thumb Code   140  mbrtu.o(i.xMBRTUReceiveFSM)
    xMBRTUTimerT35Expired                    0x0800782d   Thumb Code    96  mbrtu.o(i.xMBRTUTimerT35Expired)
    xMBRTUTransmitFSM                        0x080078c5   Thumb Code   116  mbrtu.o(i.xMBRTUTransmitFSM)
    xMBUtilGetBits                           0x08007995   Thumb Code    42  mbutils.o(i.xMBUtilGetBits)
    xMBUtilSetBits                           0x080079c1   Thumb Code   104  mbutils.o(i.xMBUtilSetBits)
    xPortStartScheduler                      0x08007a71   Thumb Code   140  port.o(i.xPortStartScheduler)
    xTaskGenericCreate                       0x08007b11   Thumb Code   280  tasks.o(i.xTaskGenericCreate)
    xTaskIncrementTick                       0x08007c41   Thumb Code   270  tasks.o(i.xTaskIncrementTick)
    xTaskResumeAll                           0x08007d7d   Thumb Code   198  tasks.o(i.xTaskResumeAll)
    _get_lc_numeric                          0x08007e65   Thumb Code    44  lc_numeric_c.o(locale$$code)
    __aeabi_d2f                              0x08007e91   Thumb Code     0  d2f.o(x$fpl$d2f)
    _d2f                                     0x08007e91   Thumb Code    98  d2f.o(x$fpl$d2f)
    __aeabi_dadd                             0x08007ef5   Thumb Code     0  daddsub_clz.o(x$fpl$dadd)
    _dadd                                    0x08007ef5   Thumb Code   332  daddsub_clz.o(x$fpl$dadd)
    __fpl_dcheck_NaN1                        0x08008045   Thumb Code    10  dcheck1.o(x$fpl$dcheck1)
    __aeabi_ddiv                             0x08008055   Thumb Code     0  ddiv.o(x$fpl$ddiv)
    _ddiv                                    0x08008055   Thumb Code   552  ddiv.o(x$fpl$ddiv)
    __aeabi_d2iz                             0x08008305   Thumb Code     0  dfix.o(x$fpl$dfix)
    _dfix                                    0x08008305   Thumb Code    94  dfix.o(x$fpl$dfix)
    __aeabi_d2uiz                            0x08008365   Thumb Code     0  dfixu.o(x$fpl$dfixu)
    _dfixu                                   0x08008365   Thumb Code    90  dfixu.o(x$fpl$dfixu)
    __aeabi_i2d                              0x080083bf   Thumb Code     0  dflt_clz.o(x$fpl$dflt)
    _dflt                                    0x080083bf   Thumb Code    46  dflt_clz.o(x$fpl$dflt)
    __aeabi_ui2d                             0x080083ed   Thumb Code     0  dflt_clz.o(x$fpl$dfltu)
    _dfltu                                   0x080083ed   Thumb Code    38  dflt_clz.o(x$fpl$dfltu)
    __aeabi_dmul                             0x08008415   Thumb Code     0  dmul.o(x$fpl$dmul)
    _dmul                                    0x08008415   Thumb Code   332  dmul.o(x$fpl$dmul)
    __fpl_dnaninf                            0x08008569   Thumb Code   156  dnaninf.o(x$fpl$dnaninf)
    __fpl_dretinf                            0x08008605   Thumb Code    12  dretinf.o(x$fpl$dretinf)
    __aeabi_drsub                            0x08008611   Thumb Code     0  daddsub_clz.o(x$fpl$drsb)
    _drsb                                    0x08008611   Thumb Code    22  daddsub_clz.o(x$fpl$drsb)
    _dsqrt                                   0x08008629   Thumb Code   456  dsqrt_noumaal.o(x$fpl$dsqrt)
    __aeabi_dsub                             0x080087f5   Thumb Code     0  daddsub_clz.o(x$fpl$dsub)
    _dsub                                    0x080087f5   Thumb Code   464  daddsub_clz.o(x$fpl$dsub)
    __aeabi_f2d                              0x080089c9   Thumb Code     0  f2d.o(x$fpl$f2d)
    _f2d                                     0x080089c9   Thumb Code    86  f2d.o(x$fpl$f2d)
    __aeabi_fadd                             0x08008a21   Thumb Code     0  faddsub_clz.o(x$fpl$fadd)
    _fadd                                    0x08008a21   Thumb Code   196  faddsub_clz.o(x$fpl$fadd)
    __aeabi_fdiv                             0x08008ae5   Thumb Code     0  fdiv.o(x$fpl$fdiv)
    _fdiv                                    0x08008ae5   Thumb Code   384  fdiv.o(x$fpl$fdiv)
    __aeabi_f2uiz                            0x08008c69   Thumb Code     0  ffixu.o(x$fpl$ffixu)
    _ffixu                                   0x08008c69   Thumb Code    62  ffixu.o(x$fpl$ffixu)
    __aeabi_i2f                              0x08008ca9   Thumb Code     0  fflt_clz.o(x$fpl$fflt)
    _fflt                                    0x08008ca9   Thumb Code    48  fflt_clz.o(x$fpl$fflt)
    __aeabi_ui2f                             0x08008cd9   Thumb Code     0  fflt_clz.o(x$fpl$ffltu)
    _ffltu                                   0x08008cd9   Thumb Code    38  fflt_clz.o(x$fpl$ffltu)
    __aeabi_fmul                             0x08008d01   Thumb Code     0  fmul.o(x$fpl$fmul)
    _fmul                                    0x08008d01   Thumb Code   258  fmul.o(x$fpl$fmul)
    __fpl_fnaninf                            0x08008e03   Thumb Code   140  fnaninf.o(x$fpl$fnaninf)
    __fpl_fretinf                            0x08008e8f   Thumb Code    10  fretinf.o(x$fpl$fretinf)
    __aeabi_fsub                             0x08008e99   Thumb Code     0  faddsub_clz.o(x$fpl$fsub)
    _fsub                                    0x08008e99   Thumb Code   234  faddsub_clz.o(x$fpl$fsub)
    _printf_fp_dec                           0x08008f83   Thumb Code     4  printf1.o(x$fpl$printf1)
    __fpl_return_NaN                         0x08008f87   Thumb Code   100  retnan.o(x$fpl$retnan)
    __ARM_scalbn                             0x08008feb   Thumb Code    92  scalbn.o(x$fpl$scalbn)
    __fpl_cmpreturn                          0x08009047   Thumb Code    48  trapv.o(x$fpl$trapveneer)
    __I$use$fp                               0x08009076   Number         0  usenofp.o(x$fpl$usenofp)
    F6x8                                     0x08009276   Data         552  oled.o(.constdata)
    F14x16_Idx                               0x0800949e   Data          11  oled.o(.constdata)
    F14x16                                   0x080094a9   Data         140  oled.o(.constdata)
    F8X16                                    0x08009535   Data        1520  oled.o(.constdata)
    LIBLOGO60x58                             0x08009b25   Data         480  oled.o(.constdata)
    bmp_rssi                                 0x08009d05   Data         432  oled.o(.constdata)
    Region$$Table$$Base                      0x0800a0b4   Number         0  anon$$obj.o(Region$$Table)
    Region$$Table$$Limit                     0x0800a0d4   Number         0  anon$$obj.o(Region$$Table)
    SystemCoreClock                          0x20000000   Data           4  system_stm32f10x.o(.data)
    AHBPrescTable                            0x20000004   Data          16  system_stm32f10x.o(.data)
    usRegInputBuf                            0x20000014   Data          16  executable.o(.data)
    usRegInputStart                          0x20000024   Data           2  executable.o(.data)
    usRegHoldingBuf                          0x20000026   Data          40  executable.o(.data)
    usRegHoldingStart                        0x2000004e   Data           2  executable.o(.data)
    ucRegCoilsBuf                            0x20000050   Data          16  executable.o(.data)
    ucRegDiscreteBuf                         0x20000060   Data          16  executable.o(.data)
    ret                                      0x20000070   Data           2  executable.o(.data)
    pxMBFrameCBByteReceived                  0x20000098   Data           4  mb.o(.data)
    pxMBFrameCBTransmitterEmpty              0x2000009c   Data           4  mb.o(.data)
    pxMBPortCBTimerExpired                   0x200000a0   Data           4  mb.o(.data)
    pxMBFrameCBReceiveFSMCur                 0x200000a4   Data           4  mb.o(.data)
    pxMBFrameCBTransmitFSMCur                0x200000a8   Data           4  mb.o(.data)
    pxCurrentTCB                             0x20000160   Data           4  tasks.o(.data)
    longqiu96x64                             0x20000198   Data        1500  oled.o(.data)
    DRAWPOTtempm                             0x20000774   Data        1024  oled.o(.data)
    F24x24                                   0x20000b74   Data         720  oled.o(.data)
    F16x16tbm                                0x20000e44   Data         448  oled.o(.data)
    OLED_GRAM                                0x20001004   Data        1024  oled.o(.data)
    SlaveAddress                             0x20001404   Data           1  oled.o(.data)
    jk                                       0x20001408   Data           4  oled.o(.data)
    writeByte                                0x2000140c   Data           1  oled.o(.data)
    readByte                                 0x2000140d   Data           1  oled.o(.data)
    beep_info                                0x2000140e   Data           1  beep.o(.data)
    esp8266_cnt                              0x20001410   Data           2  esp8266.o(.data)
    esp8266_cntPre                           0x20001412   Data           2  esp8266.o(.data)
    iic_info                                 0x20001414   Data           2  i2c.o(.data)
    menu                                     0x20001416   Data           1  key.o(.data)
    menu1                                    0x20001417   Data           1  key.o(.data)
    led_status                               0x20001418   Data           4  led.o(.data)
    sht20_info                               0x2000141c   Data           8  sht20.o(.data)
    light_info                               0x20001424   Data           4  unicorn_drive.o(.data)
    GO_1                                     0x2000144c   Data           1  main.o(.data)
    flag_LED                                 0x2000144d   Data           1  main.o(.data)
    flag_Beep                                0x2000144e   Data           1  main.o(.data)
    ucRTUBuf                                 0x20001450   Data         256  mbrtu.o(.bss)
    DRAWPOTm                                 0x20005e38   Data        1024  oled.o(.bss)
    DRAWPOT                                  0x20006238   Data        1024  oled.o(.bss)
    OLED_VIEW                                0x20006638   Data        1024  oled.o(.bss)
    data                                     0x20006a38   Data         128  oled.o(.bss)
    txt                                      0x20006ab8   Data          16  oled.o(.bss)
    adxl362Info                              0x20006ac8   Data          16  adxl362.o(.bss)
    esp8266_buf                              0x20006ad8   Data         128  esp8266.o(.bss)
    spi_initstruct                           0x20006b58   Data          18  spi.o(.bss)
    __libspace_start                         0x20006b6c   Data          96  libspace.o(.bss)
    __temporary_stack_top$libspace           0x20006bcc   Data           0  libspace.o(.bss)



==============================================================================

Memory Map of the image

  Image Entry point : 0x08000131

  Load Region LR_IROM1 (Base: 0x08000000, Size: 0x0000b540, Max: 0x00040000, ABSOLUTE, COMPRESSED[0x0000a80c])

    Execution Region ER_IROM1 (Base: 0x08000000, Size: 0x0000a0f0, Max: 0x00040000, ABSOLUTE)

    Base Addr    Size         Type   Attr      Idx    E Section Name        Object

    0x08000000   0x00000130   Data   RO         5462    RESET               startup_stm32f10x_hd.o
    0x08000130   0x00000008   Code   RO         5615  * !!!main             c_w.l(__main.o)
    0x08000138   0x00000034   Code   RO         6029    !!!scatter          c_w.l(__scatter.o)
    0x0800016c   0x00000064   Code   RO         6027    !!dclz77c           c_w.l(__dclz77c.o)
    0x080001d0   0x0000001c   Code   RO         6031    !!handler_zi        c_w.l(__scatter_zi.o)
    0x080001ec   0x00000000   Code   RO         5598    .ARM.Collect$$_printf_percent$$00000000  c_w.l(_printf_percent.o)
    0x080001ec   0x00000006   Code   RO         5597    .ARM.Collect$$_printf_percent$$00000003  c_w.l(_printf_f.o)
    0x080001f2   0x00000006   Code   RO         5596    .ARM.Collect$$_printf_percent$$00000009  c_w.l(_printf_d.o)
    0x080001f8   0x00000004   Code   RO         5753    .ARM.Collect$$_printf_percent$$00000017  c_w.l(_printf_percent_end.o)
    0x080001fc   0x00000002   Code   RO         5906    .ARM.Collect$$libinit$$00000000  c_w.l(libinit.o)
    0x080001fe   0x00000000   Code   RO         5908    .ARM.Collect$$libinit$$00000002  c_w.l(libinit2.o)
    0x080001fe   0x00000000   Code   RO         5910    .ARM.Collect$$libinit$$00000004  c_w.l(libinit2.o)
    0x080001fe   0x00000000   Code   RO         5913    .ARM.Collect$$libinit$$0000000A  c_w.l(libinit2.o)
    0x080001fe   0x00000000   Code   RO         5915    .ARM.Collect$$libinit$$0000000C  c_w.l(libinit2.o)
    0x080001fe   0x00000000   Code   RO         5917    .ARM.Collect$$libinit$$0000000E  c_w.l(libinit2.o)
    0x080001fe   0x00000006   Code   RO         5918    .ARM.Collect$$libinit$$0000000F  c_w.l(libinit2.o)
    0x08000204   0x00000000   Code   RO         5920    .ARM.Collect$$libinit$$00000011  c_w.l(libinit2.o)
    0x08000204   0x00000000   Code   RO         5922    .ARM.Collect$$libinit$$00000013  c_w.l(libinit2.o)
    0x08000204   0x00000000   Code   RO         5924    .ARM.Collect$$libinit$$00000015  c_w.l(libinit2.o)
    0x08000204   0x0000000a   Code   RO         5925    .ARM.Collect$$libinit$$00000016  c_w.l(libinit2.o)
    0x0800020e   0x00000000   Code   RO         5926    .ARM.Collect$$libinit$$00000017  c_w.l(libinit2.o)
    0x0800020e   0x00000000   Code   RO         5928    .ARM.Collect$$libinit$$00000019  c_w.l(libinit2.o)
    0x0800020e   0x00000000   Code   RO         5930    .ARM.Collect$$libinit$$0000001B  c_w.l(libinit2.o)
    0x0800020e   0x00000000   Code   RO         5932    .ARM.Collect$$libinit$$0000001D  c_w.l(libinit2.o)
    0x0800020e   0x00000000   Code   RO         5934    .ARM.Collect$$libinit$$0000001F  c_w.l(libinit2.o)
    0x0800020e   0x00000000   Code   RO         5936    .ARM.Collect$$libinit$$00000021  c_w.l(libinit2.o)
    0x0800020e   0x00000000   Code   RO         5938    .ARM.Collect$$libinit$$00000023  c_w.l(libinit2.o)
    0x0800020e   0x00000000   Code   RO         5940    .ARM.Collect$$libinit$$00000025  c_w.l(libinit2.o)
    0x0800020e   0x00000000   Code   RO         5944    .ARM.Collect$$libinit$$0000002C  c_w.l(libinit2.o)
    0x0800020e   0x00000000   Code   RO         5946    .ARM.Collect$$libinit$$0000002E  c_w.l(libinit2.o)
    0x0800020e   0x00000000   Code   RO         5948    .ARM.Collect$$libinit$$00000030  c_w.l(libinit2.o)
    0x0800020e   0x00000000   Code   RO         5950    .ARM.Collect$$libinit$$00000032  c_w.l(libinit2.o)
    0x0800020e   0x00000002   Code   RO         5951    .ARM.Collect$$libinit$$00000033  c_w.l(libinit2.o)
    0x08000210   0x00000002   Code   RO         6008    .ARM.Collect$$libshutdown$$00000000  c_w.l(libshutdown.o)
    0x08000212   0x00000000   Code   RO         6010    .ARM.Collect$$libshutdown$$00000002  c_w.l(libshutdown2.o)
    0x08000212   0x00000000   Code   RO         6012    .ARM.Collect$$libshutdown$$00000004  c_w.l(libshutdown2.o)
    0x08000212   0x00000000   Code   RO         6015    .ARM.Collect$$libshutdown$$00000007  c_w.l(libshutdown2.o)
    0x08000212   0x00000000   Code   RO         6018    .ARM.Collect$$libshutdown$$0000000A  c_w.l(libshutdown2.o)
    0x08000212   0x00000000   Code   RO         6020    .ARM.Collect$$libshutdown$$0000000C  c_w.l(libshutdown2.o)
    0x08000212   0x00000000   Code   RO         6023    .ARM.Collect$$libshutdown$$0000000F  c_w.l(libshutdown2.o)
    0x08000212   0x00000002   Code   RO         6024    .ARM.Collect$$libshutdown$$00000010  c_w.l(libshutdown2.o)
    0x08000214   0x00000000   Code   RO         5689    .ARM.Collect$$rtentry$$00000000  c_w.l(__rtentry.o)
    0x08000214   0x00000000   Code   RO         5807    .ARM.Collect$$rtentry$$00000002  c_w.l(__rtentry2.o)
    0x08000214   0x00000006   Code   RO         5819    .ARM.Collect$$rtentry$$00000004  c_w.l(__rtentry4.o)
    0x0800021a   0x00000000   Code   RO         5809    .ARM.Collect$$rtentry$$00000009  c_w.l(__rtentry2.o)
    0x0800021a   0x00000004   Code   RO         5810    .ARM.Collect$$rtentry$$0000000A  c_w.l(__rtentry2.o)
    0x0800021e   0x00000000   Code   RO         5812    .ARM.Collect$$rtentry$$0000000C  c_w.l(__rtentry2.o)
    0x0800021e   0x00000008   Code   RO         5813    .ARM.Collect$$rtentry$$0000000D  c_w.l(__rtentry2.o)
    0x08000226   0x00000002   Code   RO         5954    .ARM.Collect$$rtexit$$00000000  c_w.l(rtexit.o)
    0x08000228   0x00000000   Code   RO         5970    .ARM.Collect$$rtexit$$00000002  c_w.l(rtexit2.o)
    0x08000228   0x00000004   Code   RO         5971    .ARM.Collect$$rtexit$$00000003  c_w.l(rtexit2.o)
    0x0800022c   0x00000006   Code   RO         5972    .ARM.Collect$$rtexit$$00000004  c_w.l(rtexit2.o)
    0x08000232   0x00000002   PAD
    0x08000234   0x000000a2   Code   RO          820    .emb_text           port.o
    0x080002d6   0x00000002   PAD
    0x080002d8   0x00000040   Code   RO         5463    .text               startup_stm32f10x_hd.o
    0x08000318   0x0000002c   Code   RO         5568    .text               c_w.l(__2sprintf.o)
    0x08000344   0x00000078   Code   RO         5574    .text               c_w.l(_printf_dec.o)
    0x080003bc   0x00000188   Code   RO         5593    .text               c_w.l(__printf_flags_ss_wp.o)
    0x08000544   0x00000080   Code   RO         5599    .text               c_w.l(assert.o)
    0x080005c4   0x00000014   Code   RO         5601    .text               c_w.l(strchr.o)
    0x080005d8   0x00000024   Code   RO         5603    .text               c_w.l(strstr.o)
    0x080005fc   0x0000003e   Code   RO         5605    .text               c_w.l(strlen.o)
    0x0800063a   0x0000008a   Code   RO         5607    .text               c_w.l(rt_memcpy_v6.o)
    0x080006c4   0x00000044   Code   RO         5609    .text               c_w.l(rt_memclr.o)
    0x08000708   0x0000004e   Code   RO         5611    .text               c_w.l(rt_memclr_w.o)
    0x08000756   0x00000006   Code   RO         5613    .text               c_w.l(heapauxi.o)
    0x0800075c   0x00000016   Code   RO         5690    .text               c_w.l(_rserrno.o)
    0x08000772   0x000000b2   Code   RO         5698    .text               c_w.l(_printf_intcommon.o)
    0x08000824   0x0000041a   Code   RO         5702    .text               c_w.l(_printf_fp_dec.o)
    0x08000c3e   0x00000002   PAD
    0x08000c40   0x00000030   Code   RO         5704    .text               c_w.l(_printf_char_common.o)
    0x08000c70   0x0000000a   Code   RO         5706    .text               c_w.l(_sputc.o)
    0x08000c7a   0x00000016   Code   RO         5763    .text               c_w.l(abort.o)
    0x08000c90   0x00000014   Code   RO         5765    .text               c_w.l(assert_puts.o)
    0x08000ca4   0x00000064   Code   RO         5767    .text               c_w.l(rt_memcpy_w.o)
    0x08000d08   0x0000000e   Code   RO         5802    .text               c_w.l(sys_wrch.o)
    0x08000d16   0x00000002   PAD
    0x08000d18   0x0000000c   Code   RO         5804    .text               c_w.l(sys_exit.o)
    0x08000d24   0x00000008   Code   RO         5824    .text               c_w.l(rt_locale_intlibspace.o)
    0x08000d2c   0x00000008   Code   RO         5829    .text               c_w.l(rt_errno_addr_intlibspace.o)
    0x08000d34   0x0000008a   Code   RO         5831    .text               c_w.l(lludiv10.o)
    0x08000dbe   0x00000002   PAD
    0x08000dc0   0x00000080   Code   RO         5833    .text               c_w.l(_printf_fp_infnan.o)
    0x08000e40   0x000000dc   Code   RO         5841    .text               c_w.l(bigflt0.o)
    0x08000f1c   0x0000000e   Code   RO         5871    .text               c_w.l(defsig_abrt_outer.o)
    0x08000f2a   0x00000002   PAD
    0x08000f2c   0x00000008   Code   RO         5881    .text               c_w.l(libspace.o)
    0x08000f34   0x00000002   Code   RO         5884    .text               c_w.l(use_no_semi.o)
    0x08000f36   0x00000000   Code   RO         5886    .text               c_w.l(indicate_semi.o)
    0x08000f36   0x0000004a   Code   RO         5887    .text               c_w.l(sys_stackheap_outer.o)
    0x08000f80   0x00000012   Code   RO         5893    .text               c_w.l(exit.o)
    0x08000f92   0x0000000a   Code   RO         5895    .text               c_w.l(defsig_exit.o)
    0x08000f9c   0x00000030   Code   RO         5897    .text               c_w.l(defsig_abrt_inner.o)
    0x08000fcc   0x00000080   Code   RO         5899    .text               c_w.l(strcmpv7m.o)
    0x0800104c   0x00000032   Code   RO         5961    .text               c_w.l(defsig_general.o)
    0x0800107e   0x0000003e   Code   RO         5844    CL$$btod_d2e        c_w.l(btod.o)
    0x080010bc   0x00000046   Code   RO         5846    CL$$btod_d2e_denorm_low  c_w.l(btod.o)
    0x08001102   0x00000060   Code   RO         5845    CL$$btod_d2e_norm_op1  c_w.l(btod.o)
    0x08001162   0x00000338   Code   RO         5854    CL$$btod_div_common  c_w.l(btod.o)
    0x0800149a   0x000000c6   Code   RO         5851    CL$$btod_e2e        c_w.l(btod.o)
    0x08001560   0x00000028   Code   RO         5848    CL$$btod_ediv       c_w.l(btod.o)
    0x08001588   0x00000028   Code   RO         5847    CL$$btod_emul       c_w.l(btod.o)
    0x080015b0   0x00000244   Code   RO         5853    CL$$btod_mult_common  c_w.l(btod.o)
    0x080017f4   0x00000016   Code   RO         2451    i.ADC_Cmd           stm32f10x_adc.o
    0x0800180a   0x00000002   PAD
    0x0800180c   0x0000005c   Code   RO         2453    i.ADC_DeInit        stm32f10x_adc.o
    0x08001868   0x00000014   Code   RO         2459    i.ADC_GetCalibrationStatus  stm32f10x_adc.o
    0x0800187c   0x00000008   Code   RO         2460    i.ADC_GetConversionValue  stm32f10x_adc.o
    0x08001884   0x00000012   Code   RO         2462    i.ADC_GetFlagStatus  stm32f10x_adc.o
    0x08001896   0x00000014   Code   RO         2465    i.ADC_GetResetCalibrationStatus  stm32f10x_adc.o
    0x080018aa   0x00000002   PAD
    0x080018ac   0x00000050   Code   RO         2469    i.ADC_Init          stm32f10x_adc.o
    0x080018fc   0x000000b8   Code   RO         2473    i.ADC_RegularChannelConfig  stm32f10x_adc.o
    0x080019b4   0x0000000a   Code   RO         2474    i.ADC_ResetCalibration  stm32f10x_adc.o
    0x080019be   0x00000016   Code   RO         2476    i.ADC_SoftwareStartConvCmd  stm32f10x_adc.o
    0x080019d4   0x0000000a   Code   RO         2478    i.ADC_StartCalibration  stm32f10x_adc.o
    0x080019de   0x00000002   PAD
    0x080019e0   0x00000024   Code   RO         2480    i.ADC_TempSensorVrefintCmd  stm32f10x_adc.o
    0x08001a04   0x00000030   Code   RO         1662    i.ADCx_GetValue     adc.o
    0x08001a34   0x0000004c   Code   RO         1663    i.ADCx_GetValueTimes  adc.o
    0x08001a80   0x00000048   Code   RO         1664    i.ADCx_GetVoltag    adc.o
    0x08001ac8   0x000000ac   Code   RO         1665    i.ADCx_Init         adc.o
    0x08001b74   0x0000004e   Code   RO         1706    i.ADXL362_GetRegisterValue  adxl362.o
    0x08001bc2   0x00000002   PAD
    0x08001bc4   0x000000f0   Code   RO         1707    i.ADXL362_GetValue  adxl362.o
    0x08001cb4   0x0000004a   Code   RO         1708    i.ADXL362_GetXyz    adxl362.o
    0x08001cfe   0x00000002   PAD
    0x08001d00   0x0000003c   Code   RO         1709    i.ADXL362_Init      adxl362.o
    0x08001d3c   0x0000002e   Code   RO         1712    i.ADXL362_SetPowerMode  adxl362.o
    0x08001d6a   0x00000030   Code   RO         1714    i.ADXL362_SetRegisterValue  adxl362.o
    0x08001d9a   0x00000002   PAD
    0x08001d9c   0x00000064   Code   RO         1388    i.AT24C02           oled.o
    0x08001e00   0x00000012   Code   RO         1823    i.AT24C02_ReadByte  at24c02.o
    0x08001e12   0x00000010   Code   RO         1825    i.AT24C02_WriteByte  at24c02.o
    0x08001e22   0x00000002   PAD
    0x08001e24   0x000000c4   Code   RO         5468    i.AppTaskCreate     main.o
    0x08001ee8   0x00000044   Code   RO         1865    i.Beep_Init         beep.o
    0x08001f2c   0x0000001c   Code   RO         1866    i.Beep_Set          beep.o
    0x08001f48   0x00000004   Code   RO         5516    i.BusFault_Handler  stm32f10x_it.o
    0x08001f4c   0x00000002   Code   RO         5517    i.DebugMon_Handler  stm32f10x_it.o
    0x08001f4e   0x0000003c   Code   RO         2362    i.DelayMs           delay.o
    0x08001f8a   0x00000002   PAD
    0x08001f8c   0x00000044   Code   RO         2363    i.DelayUs           delay.o
    0x08001fd0   0x0000001a   Code   RO         2364    i.DelayXms          delay.o
    0x08001fea   0x00000002   PAD
    0x08001fec   0x00000074   Code   RO         2365    i.Delay_Init        delay.o
    0x08002060   0x00000200   Code   RO         1389    i.Dis_float         oled.o
    0x08002260   0x000000e0   Code   RO         1390    i.Dis_num           oled.o
    0x08002340   0x00000076   Code   RO         1391    i.Draw_BMP          oled.o
    0x080023b6   0x00000002   PAD
    0x080023b8   0x00000038   Code   RO         1392    i.Draw_LQLogo       oled.o
    0x080023f0   0x0000001c   Code   RO         1893    i.ESP8266_Clear     esp8266.o
    0x0800240c   0x00000050   Code   RO         1894    i.ESP8266_GetIPD    esp8266.o
    0x0800245c   0x0000010c   Code   RO         1895    i.ESP8266_Init      esp8266.o
    0x08002568   0x00000054   Code   RO         1896    i.ESP8266_SendCmd   esp8266.o
    0x080025bc   0x00000048   Code   RO         1897    i.ESP8266_SendData  esp8266.o
    0x08002604   0x00000034   Code   RO         1898    i.ESP8266_WaitRecive  esp8266.o
    0x08002638   0x00000116   Code   RO         3592    i.GPIO_Init         stm32f10x_gpio.o
    0x0800274e   0x00000002   PAD
    0x08002750   0x00000090   Code   RO         3594    i.GPIO_PinRemapConfig  stm32f10x_gpio.o
    0x080027e0   0x00000012   Code   RO         3596    i.GPIO_ReadInputDataBit  stm32f10x_gpio.o
    0x080027f2   0x00000004   Code   RO         3599    i.GPIO_ResetBits    stm32f10x_gpio.o
    0x080027f6   0x00000004   Code   RO         3600    i.GPIO_SetBits      stm32f10x_gpio.o
    0x080027fa   0x0000000a   Code   RO         3603    i.GPIO_WriteBit     stm32f10x_gpio.o
    0x08002804   0x00000058   Code   RO         5518    i.HardFault_Handler  stm32f10x_it.o
    0x0800285c   0x0000006a   Code   RO         1955    i.I2C_ReadByte      i2c.o
    0x080028c6   0x0000005c   Code   RO         1957    i.I2C_WriteByte     i2c.o
    0x08002922   0x00000002   PAD
    0x08002924   0x00000044   Code   RO         1959    i.IIC_Ack           i2c.o
    0x08002968   0x00000048   Code   RO         1960    i.IIC_Init          i2c.o
    0x080029b0   0x00000044   Code   RO         1961    i.IIC_NAck          i2c.o
    0x080029f4   0x00000060   Code   RO         1962    i.IIC_RecvByte      i2c.o
    0x08002a54   0x00000068   Code   RO         1963    i.IIC_SendByte      i2c.o
    0x08002abc   0x0000000c   Code   RO         1964    i.IIC_SpeedCtl      i2c.o
    0x08002ac8   0x00000044   Code   RO         1965    i.IIC_Start         i2c.o
    0x08002b0c   0x00000044   Code   RO         1966    i.IIC_Stop          i2c.o
    0x08002b50   0x00000064   Code   RO         1967    i.IIC_WaitAck       i2c.o
    0x08002bb4   0x00000040   Code   RO         2049    i.KEY_Init          key.o
    0x08002bf4   0x0000009c   Code   RO         2050    i.KEY_red           key.o
    0x08002c90   0x00000040   Code   RO         2051    i.KeyScan           key.o
    0x08002cd0   0x00000088   Code   RO         2052    i.Keyboard          key.o
    0x08002d58   0x00000038   Code   RO         1395    i.LCD_CLS           oled.o
    0x08002d90   0x0000001c   Code   RO         1396    i.LCD_DLY_ms        oled.o
    0x08002dac   0x0000003a   Code   RO         1397    i.LCD_Fill          oled.o
    0x08002de6   0x00000002   PAD
    0x08002de8   0x00000140   Code   RO         1398    i.LCD_Init          oled.o
    0x08002f28   0x00000088   Code   RO         1401    i.LCD_P8x16Str      oled.o
    0x08002fb0   0x00000028   Code   RO         1406    i.LCD_Set_Pos       oled.o
    0x08002fd8   0x00000058   Code   RO         1407    i.LCD_WrCmd         oled.o
    0x08003030   0x00000058   Code   RO         1408    i.LCD_WrDat         oled.o
    0x08003088   0x00000058   Code   RO         2090    i.LED_Init          led.o
    0x080030e0   0x000000a0   Code   RO          103    i.LED_Poll          executable.o
    0x08003180   0x0000001c   Code   RO         2287    i.LIGHT_GetVoltag   unicorn_drive.o
    0x0800319c   0x00000038   Code   RO         2288    i.LIGHT_Init        unicorn_drive.o
    0x080031d4   0x00000030   Code   RO         2091    i.Led1_Set          led.o
    0x08003204   0x00000030   Code   RO         2092    i.Led2_Set          led.o
    0x08003234   0x00000030   Code   RO         2093    i.Led3_Set          led.o
    0x08003264   0x00000030   Code   RO         2094    i.Led4_Set          led.o
    0x08003294   0x00000004   Code   RO         5519    i.MemManage_Handler  stm32f10x_it.o
    0x08003298   0x00000002   Code   RO         5520    i.NMI_Handler       stm32f10x_it.o
    0x0800329a   0x00000002   PAD
    0x0800329c   0x00000070   Code   RO         2405    i.NVIC_Init         misc.o
    0x0800330c   0x00000014   Code   RO         2406    i.NVIC_PriorityGroupConfig  misc.o
    0x08003320   0x00000138   Code   RO         1409    i.OLED_Diamondhero_Draw_XXYY  oled.o
    0x08003458   0x00000032   Code   RO         1410    i.OLED_DrawLine_X   oled.o
    0x0800348a   0x00000032   Code   RO         1411    i.OLED_DrawLine_Y   oled.o
    0x080034bc   0x00000128   Code   RO         1412    i.OLED_Draw_pot     oled.o
    0x080035e4   0x000014b6   Code   RO         1413    i.OLED_Interface    oled.o
    0x08004a9a   0x00000002   PAD
    0x08004a9c   0x00000064   Code   RO         1414    i.OLED_P6x8Str      oled.o
    0x08004b00   0x00000074   Code   RO         1415    i.OLED_VIEW_OUT     oled.o
    0x08004b74   0x00000300   Code   RO         1416    i.OLED_function     oled.o
    0x08004e74   0x00000018   Code   RO         4022    i.RCC_ADCCLKConfig  stm32f10x_rcc.o
    0x08004e8c   0x00000020   Code   RO         4024    i.RCC_APB1PeriphClockCmd  stm32f10x_rcc.o
    0x08004eac   0x00000020   Code   RO         4026    i.RCC_APB2PeriphClockCmd  stm32f10x_rcc.o
    0x08004ecc   0x00000020   Code   RO         4027    i.RCC_APB2PeriphResetCmd  stm32f10x_rcc.o
    0x08004eec   0x000000dc   Code   RO         4034    i.RCC_GetClocksFreq  stm32f10x_rcc.o
    0x08004fc8   0x00000070   Code   RO         2136    i.SHT20_GetValue    sht20.o
    0x08005038   0x00000016   Code   RO         2137    i.SHT20_read_user_reg  sht20.o
    0x0800504e   0x0000000e   Code   RO         2138    i.SHT20_reset       sht20.o
    0x0800505c   0x00000048   Code   RO         2139    i.SHT2x_CalcRH      sht20.o
    0x080050a4   0x0000004c   Code   RO         2140    i.SHT2x_CalcTemperatureC  sht20.o
    0x080050f0   0x0000004a   Code   RO         2141    i.SHT2x_CheckCrc    sht20.o
    0x0800513a   0x000000d0   Code   RO         2142    i.SHT2x_MeasureHM   sht20.o
    0x0800520a   0x00000002   PAD
    0x0800520c   0x00000044   Code   RO         1718    i.SPI_ADXL_Init     adxl362.o
    0x08005250   0x00000018   Code   RO         4521    i.SPI_Cmd           stm32f10x_spi.o
    0x08005268   0x00000012   Code   RO         4529    i.SPI_I2S_GetFlagStatus  stm32f10x_spi.o
    0x0800527a   0x00000006   Code   RO         4532    i.SPI_I2S_ReceiveData  stm32f10x_spi.o
    0x08005280   0x00000004   Code   RO         4533    i.SPI_I2S_SendData  stm32f10x_spi.o
    0x08005284   0x0000003c   Code   RO         4534    i.SPI_Init          stm32f10x_spi.o
    0x080052c0   0x00000040   Code   RO         1719    i.SPI_Read          adxl362.o
    0x08005300   0x00000040   Code   RO         1720    i.SPI_Write         adxl362.o
    0x08005340   0x000000c4   Code   RO         2195    i.SPIx_Init         spi.o
    0x08005404   0x00000050   Code   RO         2196    i.SPIx_ReadWriteByte  spi.o
    0x08005454   0x00000020   Code   RO         2197    i.SPIx_SetSpeed     spi.o
    0x08005474   0x00000008   Code   RO           13    i.SetSysClock       system_stm32f10x.o
    0x0800547c   0x000000e0   Code   RO           14    i.SetSysClockTo72   system_stm32f10x.o
    0x0800555c   0x00000020   Code   RO          821    i.SysTick_Handler   port.o
    0x0800557c   0x00000060   Code   RO           16    i.SystemInit        system_stm32f10x.o
    0x080055dc   0x00000020   Code   RO          711    i.TIM4_IRQHandler   porttimer.o
    0x080055fc   0x00000018   Code   RO         4668    i.TIM_ARRPreloadConfig  stm32f10x_tim.o
    0x08005614   0x00000006   Code   RO         4675    i.TIM_ClearITPendingBit  stm32f10x_tim.o
    0x0800561a   0x00000018   Code   RO         4680    i.TIM_Cmd           stm32f10x_tim.o
    0x08005632   0x00000022   Code   RO         4701    i.TIM_GetITStatus   stm32f10x_tim.o
    0x08005654   0x00000012   Code   RO         4705    i.TIM_ITConfig      stm32f10x_tim.o
    0x08005666   0x00000004   Code   RO         4745    i.TIM_SetCounter    stm32f10x_tim.o
    0x0800566a   0x00000002   PAD
    0x0800566c   0x000000a4   Code   RO         4751    i.TIM_TimeBaseInit  stm32f10x_tim.o
    0x08005710   0x00000040   Code   RO          648    i.USART1_IRQHandler  portserial.o
    0x08005750   0x0000004c   Code   RO         1899    i.USART2_IRQHandler  esp8266.o
    0x0800579c   0x00000012   Code   RO         5216    i.USART_ClearFlag   stm32f10x_usart.o
    0x080057ae   0x0000001e   Code   RO         5217    i.USART_ClearITPendingBit  stm32f10x_usart.o
    0x080057cc   0x00000018   Code   RO         5220    i.USART_Cmd         stm32f10x_usart.o
    0x080057e4   0x0000001a   Code   RO         5223    i.USART_GetFlagStatus  stm32f10x_usart.o
    0x080057fe   0x00000054   Code   RO         5224    i.USART_GetITStatus  stm32f10x_usart.o
    0x08005852   0x0000004a   Code   RO         5226    i.USART_ITConfig    stm32f10x_usart.o
    0x0800589c   0x000000d8   Code   RO         5227    i.USART_Init        stm32f10x_usart.o
    0x08005974   0x0000000a   Code   RO         5234    i.USART_ReceiveData  stm32f10x_usart.o
    0x0800597e   0x00000008   Code   RO         5237    i.USART_SendData    stm32f10x_usart.o
    0x08005986   0x00000004   Code   RO         5521    i.UsageFault_Handler  stm32f10x_it.o
    0x0800598a   0x00000002   PAD
    0x0800598c   0x000000ac   Code   RO         2316    i.Usart2_Init       usart.o
    0x08005a38   0x00000032   Code   RO         2318    i.Usart_SendString  usart.o
    0x08005a6a   0x00000002   PAD
    0x08005a6c   0x000000c8   Code   RO         1418    i.VIEW_CCD_dongtai  oled.o
    0x08005b34   0x0000000c   Code   RO         1419    i.VIEW_DCXH_dongtai  oled.o
    0x08005b40   0x00000028   Code   RO         5798    i.__ARM_fpclassify  m_ws.l(fpclassify.o)
    0x08005b68   0x000000aa   Code   RO         5800    i.__kernel_poly     m_ws.l(poly.o)
    0x08005c12   0x00000006   Code   RO         5785    i.__mathlib_dbl_infnan  m_ws.l(dunder.o)
    0x08005c18   0x00000010   Code   RO         5790    i.__mathlib_dbl_underflow  m_ws.l(dunder.o)
    0x08005c28   0x0000000e   Code   RO         5586    i._is_digit         c_w.l(__printf_wp.o)
    0x08005c36   0x00000002   PAD
    0x08005c38   0x00000220   Code   RO         5672    i.atan              m_ws.l(atan.o)
    0x08005e58   0x00000018   Code   RO         1422    i.clear_OLED_VIEW   oled.o
    0x08005e70   0x00000028   Code   RO          424    i.eMBEnable         mb.o
    0x08005e98   0x000000a6   Code   RO          483    i.eMBFuncReadCoils  mbfunccoils.o
    0x08005f3e   0x000000a4   Code   RO          510    i.eMBFuncReadDiscreteInputs  mbfuncdisc.o
    0x08005fe2   0x00000084   Code   RO          522    i.eMBFuncReadHoldingRegister  mbfuncholding.o
    0x08006066   0x00000084   Code   RO          552    i.eMBFuncReadInputRegister  mbfuncinput.o
    0x080060ea   0x000000d4   Code   RO          523    i.eMBFuncReadWriteMultipleHoldingRegister  mbfuncholding.o
    0x080061be   0x00000002   PAD
    0x080061c0   0x00000028   Code   RO          564    i.eMBFuncReportSlaveID  mbfuncother.o
    0x080061e8   0x0000006c   Code   RO          484    i.eMBFuncWriteCoil  mbfunccoils.o
    0x08006254   0x0000003e   Code   RO          524    i.eMBFuncWriteHoldingRegister  mbfuncholding.o
    0x08006292   0x0000008e   Code   RO          485    i.eMBFuncWriteMultipleCoils  mbfunccoils.o
    0x08006320   0x0000006a   Code   RO          525    i.eMBFuncWriteMultipleHoldingRegister  mbfuncholding.o
    0x0800638a   0x00000002   PAD
    0x0800638c   0x000000e8   Code   RO          425    i.eMBInit           mb.o
    0x08006474   0x00000138   Code   RO          426    i.eMBPoll           mb.o
    0x080065ac   0x00000050   Code   RO          347    i.eMBRTUInit        mbrtu.o
    0x080065fc   0x000000bc   Code   RO          348    i.eMBRTUReceive     mbrtu.o
    0x080066b8   0x000000a8   Code   RO          349    i.eMBRTUSend        mbrtu.o
    0x08006760   0x0000001c   Code   RO          350    i.eMBRTUStart       mbrtu.o
    0x0800677c   0x00000010   Code   RO          351    i.eMBRTUStop        mbrtu.o
    0x0800678c   0x00000098   Code   RO          106    i.eMBRegCoilsCB     executable.o
    0x08006824   0x00000060   Code   RO          107    i.eMBRegDiscreteCB  executable.o
    0x08006884   0x00000084   Code   RO          108    i.eMBRegHoldingCB   executable.o
    0x08006908   0x0000004c   Code   RO          109    i.eMBRegInputCB     executable.o
    0x08006954   0x000000f8   Code   RO         1424    i.gundong           oled.o
    0x08006a4c   0x0000004e   Code   RO         5469    i.main              main.o
    0x08006a9a   0x00000002   PAD
    0x08006a9c   0x000000fc   Code   RO         1427    i.parameter         oled.o
    0x08006b98   0x00000054   Code   RO         1125    i.prvAddCurrentTaskToDelayedList  tasks.o
    0x08006bec   0x00000036   Code   RO         1126    i.prvAllocateTCBAndStack  tasks.o
    0x08006c22   0x00000002   PAD
    0x08006c24   0x00000064   Code   RO         1127    i.prvCheckTasksWaitingTermination  tasks.o
    0x08006c88   0x00000012   Code   RO         1128    i.prvDeleteTCB      tasks.o
    0x08006c9a   0x00000002   PAD
    0x08006c9c   0x0000007c   Code   RO          762    i.prvHeapInit       heap_4.o
    0x08006d18   0x00000018   Code   RO         1129    i.prvIdleTask       tasks.o
    0x08006d30   0x0000005c   Code   RO         1130    i.prvInitialiseTCBVariables  tasks.o
    0x08006d8c   0x00000068   Code   RO         1131    i.prvInitialiseTaskLists  tasks.o
    0x08006df4   0x00000068   Code   RO          763    i.prvInsertBlockIntoFreeList  heap_4.o
    0x08006e5c   0x00000034   Code   RO         1132    i.prvResetNextTaskUnblockTime  tasks.o
    0x08006e90   0x00000024   Code   RO          822    i.prvTaskExitError  port.o
    0x08006eb4   0x00000022   Code   RO          585    i.prveMBError2Exception  mbutils.o
    0x08006ed6   0x00000002   PAD
    0x08006ed8   0x00000010   Code   RO          712    i.prvvTIMERExpiredISR  porttimer.o
    0x08006ee8   0x00000010   Code   RO          649    i.prvvUARTRxISR     portserial.o
    0x08006ef8   0x00000010   Code   RO          650    i.prvvUARTTxReadyISR  portserial.o
    0x08006f08   0x00000114   Code   RO          764    i.pvPortMalloc      heap_4.o
    0x0800701c   0x00000020   Code   RO          823    i.pxPortInitialiseStack  port.o
    0x0800703c   0x0000004c   Code   RO         5682    i.sqrt              m_ws.l(sqrt.o)
    0x08007088   0x00000038   Code   RO          330    i.usMBCRC16         mbcrc.o
    0x080070c0   0x00000028   Code   RO          974    i.uxListRemove      list.o
    0x080070e8   0x0000001a   Code   RO          975    i.vListInitialise   list.o
    0x08007102   0x00000006   Code   RO          976    i.vListInitialiseItem  list.o
    0x08007108   0x00000034   Code   RO          977    i.vListInsert       list.o
    0x0800713c   0x00000018   Code   RO          978    i.vListInsertEnd    list.o
    0x08007154   0x00000044   Code   RO          651    i.vMBPortSerialEnable  portserial.o
    0x08007198   0x0000002c   Code   RO          713    i.vMBPortTimersDisable  porttimer.o
    0x080071c4   0x0000002c   Code   RO          714    i.vMBPortTimersEnable  porttimer.o
    0x080071f0   0x00000044   Code   RO          825    i.vPortEnterCritical  port.o
    0x08007234   0x0000002c   Code   RO          826    i.vPortExitCritical  port.o
    0x08007260   0x00000078   Code   RO          765    i.vPortFree         heap_4.o
    0x080072d8   0x00000014   Code   RO          827    i.vPortSetupTimerInterrupt  port.o
    0x080072ec   0x00000018   Code   RO          829    i.vPortYield        port.o
    0x08007304   0x00000054   Code   RO         1139    i.vTaskDelay        tasks.o
    0x08007358   0x000000dc   Code   RO         5470    i.vTaskFLASH        main.o
    0x08007434   0x00000012   Code   RO         5471    i.vTaskLED          main.o
    0x08007446   0x00000010   Code   RO         5472    i.vTaskMsgPro       main.o
    0x08007456   0x00000010   Code   RO         5473    i.vTaskStart        main.o
    0x08007466   0x00000002   PAD
    0x08007468   0x00000060   Code   RO         1150    i.vTaskStartScheduler  tasks.o
    0x080074c8   0x00000010   Code   RO         1152    i.vTaskSuspendAll   tasks.o
    0x080074d8   0x00000090   Code   RO         1153    i.vTaskSwitchContext  tasks.o
    0x08007568   0x00000024   Code   RO          621    i.xMBPortEventGet   portevent.o
    0x0800758c   0x00000010   Code   RO          622    i.xMBPortEventInit  portevent.o
    0x0800759c   0x00000018   Code   RO          623    i.xMBPortEventPost  portevent.o
    0x080075b4   0x00000014   Code   RO          652    i.xMBPortSerialGetByte  portserial.o
    0x080075c8   0x000000d8   Code   RO          653    i.xMBPortSerialInit  portserial.o
    0x080076a0   0x00000014   Code   RO          654    i.xMBPortSerialPutByte  portserial.o
    0x080076b4   0x00000090   Code   RO          715    i.xMBPortTimersInit  porttimer.o
    0x08007744   0x000000e8   Code   RO          352    i.xMBRTUReceiveFSM  mbrtu.o
    0x0800782c   0x00000098   Code   RO          353    i.xMBRTUTimerT35Expired  mbrtu.o
    0x080078c4   0x000000d0   Code   RO          354    i.xMBRTUTransmitFSM  mbrtu.o
    0x08007994   0x0000002a   Code   RO          586    i.xMBUtilGetBits    mbutils.o
    0x080079be   0x00000002   PAD
    0x080079c0   0x000000b0   Code   RO          587    i.xMBUtilSetBits    mbutils.o
    0x08007a70   0x000000a0   Code   RO          830    i.xPortStartScheduler  port.o
    0x08007b10   0x00000130   Code   RO         1155    i.xTaskGenericCreate  tasks.o
    0x08007c40   0x0000013c   Code   RO         1160    i.xTaskIncrementTick  tasks.o
    0x08007d7c   0x000000e8   Code   RO         1165    i.xTaskResumeAll    tasks.o
    0x08007e64   0x0000002c   Code   RO         5869    locale$$code        c_w.l(lc_numeric_c.o)
    0x08007e90   0x00000062   Code   RO         5617    x$fpl$d2f           fz_ws.l(d2f.o)
    0x08007ef2   0x00000002   PAD
    0x08007ef4   0x00000150   Code   RO         5619    x$fpl$dadd          fz_ws.l(daddsub_clz.o)
    0x08008044   0x00000010   Code   RO         5875    x$fpl$dcheck1       fz_ws.l(dcheck1.o)
    0x08008054   0x000002b0   Code   RO         5626    x$fpl$ddiv          fz_ws.l(ddiv.o)
    0x08008304   0x0000005e   Code   RO         5629    x$fpl$dfix          fz_ws.l(dfix.o)
    0x08008362   0x00000002   PAD
    0x08008364   0x0000005a   Code   RO         5633    x$fpl$dfixu         fz_ws.l(dfixu.o)
    0x080083be   0x0000002e   Code   RO         5638    x$fpl$dflt          fz_ws.l(dflt_clz.o)
    0x080083ec   0x00000026   Code   RO         5637    x$fpl$dfltu         fz_ws.l(dflt_clz.o)
    0x08008412   0x00000002   PAD
    0x08008414   0x00000154   Code   RO         5643    x$fpl$dmul          fz_ws.l(dmul.o)
    0x08008568   0x0000009c   Code   RO         5771    x$fpl$dnaninf       fz_ws.l(dnaninf.o)
    0x08008604   0x0000000c   Code   RO         5773    x$fpl$dretinf       fz_ws.l(dretinf.o)
    0x08008610   0x00000016   Code   RO         5620    x$fpl$drsb          fz_ws.l(daddsub_clz.o)
    0x08008626   0x00000002   PAD
    0x08008628   0x000001cc   Code   RO         5775    x$fpl$dsqrt         fz_ws.l(dsqrt_noumaal.o)
    0x080087f4   0x000001d4   Code   RO         5621    x$fpl$dsub          fz_ws.l(daddsub_clz.o)
    0x080089c8   0x00000056   Code   RO         5645    x$fpl$f2d           fz_ws.l(f2d.o)
    0x08008a1e   0x00000002   PAD
    0x08008a20   0x000000c4   Code   RO         5647    x$fpl$fadd          fz_ws.l(faddsub_clz.o)
    0x08008ae4   0x00000184   Code   RO         5654    x$fpl$fdiv          fz_ws.l(fdiv.o)
    0x08008c68   0x0000003e   Code   RO         5657    x$fpl$ffixu         fz_ws.l(ffixu.o)
    0x08008ca6   0x00000002   PAD
    0x08008ca8   0x00000030   Code   RO         5662    x$fpl$fflt          fz_ws.l(fflt_clz.o)
    0x08008cd8   0x00000026   Code   RO         5661    x$fpl$ffltu         fz_ws.l(fflt_clz.o)
    0x08008cfe   0x00000002   PAD
    0x08008d00   0x00000102   Code   RO         5667    x$fpl$fmul          fz_ws.l(fmul.o)
    0x08008e02   0x0000008c   Code   RO         5777    x$fpl$fnaninf       fz_ws.l(fnaninf.o)
    0x08008e8e   0x0000000a   Code   RO         5779    x$fpl$fretinf       fz_ws.l(fretinf.o)
    0x08008e98   0x000000ea   Code   RO         5649    x$fpl$fsub          fz_ws.l(faddsub_clz.o)
    0x08008f82   0x00000004   Code   RO         5669    x$fpl$printf1       fz_ws.l(printf1.o)
    0x08008f86   0x00000064   Code   RO         5952    x$fpl$retnan        fz_ws.l(retnan.o)
    0x08008fea   0x0000005c   Code   RO         5781    x$fpl$scalbn        fz_ws.l(scalbn.o)
    0x08009046   0x00000030   Code   RO         5967    x$fpl$trapveneer    fz_ws.l(trapv.o)
    0x08009076   0x00000000   Code   RO         5783    x$fpl$usenofp       fz_ws.l(usenofp.o)
    0x08009076   0x00000200   Data   RO          331    .constdata          mbcrc.o
    0x08009276   0x00000c3f   Data   RO         1430    .constdata          oled.o
    0x08009eb5   0x00000011   Data   RO         5594    .constdata          c_w.l(__printf_flags_ss_wp.o)
    0x08009ec6   0x00000002   PAD
    0x08009ec8   0x00000098   Data   RO         5673    .constdata          m_ws.l(atan.o)
    0x08009f60   0x00000094   Data   RO         5842    .constdata          c_w.l(bigflt0.o)
    0x08009ff4   0x00000063   Data   RO          356    .conststring        mbrtu.o
    0x0800a057   0x00000001   PAD
    0x0800a058   0x0000005c   Data   RO         1431    .conststring        oled.o
    0x0800a0b4   0x00000020   Data   RO         6025    Region$$Table       anon$$obj.o
    0x0800a0d4   0x0000001c   Data   RO         5868    locale$$data        c_w.l(lc_numeric_c.o)


    Execution Region RW_IRAM1 (Base: 0x20000000, Size: 0x000071d0, Max: 0x0000c000, ABSOLUTE, COMPRESSED[0x0000071c])

    Base Addr    Size         Type   Attr      Idx    E Section Name        Object

    0x20000000   0x00000014   Data   RW           17    .data               system_stm32f10x.o
    0x20000014   0x0000005e   Data   RW          110    .data               executable.o
    0x20000072   0x00000002   PAD
    0x20000074   0x0000000c   Data   RW          357    .data               mbrtu.o
    0x20000080   0x000000b5   Data   RW          428    .data               mb.o
    0x20000135   0x00000001   PAD
    0x20000136   0x00000002   Data   RW          567    .data               mbfuncother.o
    0x20000138   0x00000002   Data   RW          624    .data               portevent.o
    0x2000013a   0x00000002   PAD
    0x2000013c   0x00000018   Data   RW          770    .data               heap_4.o
    0x20000154   0x0000000c   Data   RW          831    .data               port.o
    0x20000160   0x00000038   Data   RW         1168    .data               tasks.o
    0x20000198   0x00001276   Data   RW         1432    .data               oled.o
    0x2000140e   0x00000001   Data   RW         1867    .data               beep.o
    0x2000140f   0x00000001   PAD
    0x20001410   0x00000004   Data   RW         1901    .data               esp8266.o
    0x20001414   0x00000002   Data   RW         1968    .data               i2c.o
    0x20001416   0x00000002   Data   RW         2053    .data               key.o
    0x20001418   0x00000004   Data   RW         2095    .data               led.o
    0x2000141c   0x00000008   Data   RW         2144    .data               sht20.o
    0x20001424   0x00000004   Data   RW         2289    .data               unicorn_drive.o
    0x20001428   0x00000014   Data   RW         4054    .data               stm32f10x_rcc.o
    0x2000143c   0x00000013   Data   RW         5474    .data               main.o
    0x2000144f   0x00000001   PAD
    0x20001450   0x00000100   Zero   RW          355    .bss                mbrtu.o
    0x20001550   0x00000020   Zero   RW          566    .bss                mbfuncother.o
    0x20001570   0x00004400   Zero   RW          769    .bss                heap_4.o
    0x20005970   0x000000c8   Zero   RW         1167    .bss                tasks.o
    0x20005a38   0x00001090   Zero   RW         1429    .bss                oled.o
    0x20006ac8   0x00000010   Zero   RW         1721    .bss                adxl362.o
    0x20006ad8   0x00000080   Zero   RW         1900    .bss                esp8266.o
    0x20006b58   0x00000012   Zero   RW         2200    .bss                spi.o
    0x20006b6a   0x00000002   PAD
    0x20006b6c   0x00000060   Zero   RW         5882    .bss                c_w.l(libspace.o)
    0x20006bcc   0x00000004   PAD
    0x20006bd0   0x00000200   Zero   RW         5461    HEAP                startup_stm32f10x_hd.o
    0x20006dd0   0x00000400   Zero   RW         5460    STACK               startup_stm32f10x_hd.o


==============================================================================

Image component sizes


      Code (inc. data)   RO Data    RW Data    ZI Data      Debug   Object Name

       368         16          0          0          0       2890   adc.o
       742         50          0          0         16       9937   adxl362.o
        34          0          0          0          0       1075   at24c02.o
        96         16          0          1          0       1483   beep.o
         0          0          0          0          0       4532   core_cm3.o
       270         10          0          0          0       2012   delay.o
       660        206          0          4        128       4915   esp8266.o
       616         58          0         94          0     231554   executable.o
       624         64          0         24      17408       3891   heap_4.o
       854         70          0          2          0       6500   i2c.o
       420         38          0          2          0       2770   key.o
       280         42          0          4          0       2988   led.o
       148          0          0          0          0       3094   list.o
       544        114          0         19          0       3009   main.o
       584        128          0        181          0       4351   mb.o
        56          8        512          0          0       1268   mbcrc.o
       416          0          0          0          0       3878   mbfunccoils.o
       164          0          0          0          0       1684   mbfuncdisc.o
       512          0          0          0          0       5127   mbfuncholding.o
       132          0          0          0          0       1631   mbfuncinput.o
        40         10          0          2         32       1459   mbfuncother.o
      1072        370         99         12        256       8495   mbrtu.o
       252         72          0          0          0       2758   mbutils.o
       132         22          0          0          0       1451   misc.o
      9554        438       3227       4726       4240      35142   oled.o
       578         72          0         12          0       7153   port.o
        76         24          0          2          0       2156   portevent.o
       420         40          0          0          0       5929   portserial.o
       280         34          0          0          0       2671   porttimer.o
       578         34          0          8          0       5508   sht20.o
       308         24          0          0         18       2302   spi.o
        64         26        304          0       1536        780   startup_stm32f10x_hd.o
       522         30          0          0          0       8745   stm32f10x_adc.o
       458          6          0          0          0       4858   stm32f10x_gpio.o
       104         48          0          0          0       2513   stm32f10x_it.o
       340         52          0         20          0       5346   stm32f10x_rcc.o
       112          0          0          0          0       3654   stm32f10x_spi.o
       274         42          0          0          0       4410   stm32f10x_tim.o
       490          6          0          0          0       7065   stm32f10x_usart.o
       328         28          0         20          0      51121   system_stm32f10x.o
      1720        254          0         56        200      12588   tasks.o
        84         20          0          4          0       1532   unicorn_drive.o
       222         10          0          0          0       1801   usart.o

    ----------------------------------------------------------------------
     25584       2482       4175       5200      23836     478026   Object Totals
         0          0         32          0          0          0   (incl. Generated)
        56          0          1          7          2          0   (incl. Padding)

    ----------------------------------------------------------------------

      Code (inc. data)   RO Data    RW Data    ZI Data      Debug   Library Member Name

        44          6          0          0          0         84   __2sprintf.o
       100          0          0          0          0          0   __dclz77c.o
         8          0          0          0          0         68   __main.o
       392          4         17          0          0         92   __printf_flags_ss_wp.o
        14          0          0          0          0         68   __printf_wp.o
         0          0          0          0          0          0   __rtentry.o
        12          0          0          0          0          0   __rtentry2.o
         6          0          0          0          0          0   __rtentry4.o
        52          8          0          0          0          0   __scatter.o
        28          0          0          0          0          0   __scatter_zi.o
        48          6          0          0          0         96   _printf_char_common.o
         6          0          0          0          0          0   _printf_d.o
       120         16          0          0          0         92   _printf_dec.o
         6          0          0          0          0          0   _printf_f.o
      1050          0          0          0          0        216   _printf_fp_dec.o
       128         16          0          0          0         84   _printf_fp_infnan.o
       178          0          0          0          0         88   _printf_intcommon.o
         0          0          0          0          0          0   _printf_percent.o
         4          0          0          0          0          0   _printf_percent_end.o
        22          0          0          0          0        100   _rserrno.o
        10          0          0          0          0         68   _sputc.o
        22          0          0          0          0         80   abort.o
       128         42          0          0          0         76   assert.o
        20          0          0          0          0         76   assert_puts.o
       220          4        148          0          0         96   bigflt0.o
      1910        128          0          0          0        672   btod.o
        48         34          0          0          0         76   defsig_abrt_inner.o
        14          0          0          0          0         80   defsig_abrt_outer.o
        10          0          0          0          0         68   defsig_exit.o
        50          0          0          0          0         88   defsig_general.o
        18          0          0          0          0         80   exit.o
         6          0          0          0          0        152   heapauxi.o
         0          0          0          0          0          0   indicate_semi.o
        44         10         28          0          0         76   lc_numeric_c.o
         2          0          0          0          0          0   libinit.o
        18          0          0          0          0          0   libinit2.o
         2          0          0          0          0          0   libshutdown.o
         2          0          0          0          0          0   libshutdown2.o
         8          4          0          0         96         68   libspace.o
       138          0          0          0          0         80   lludiv10.o
         8          4          0          0          0         68   rt_errno_addr_intlibspace.o
         8          4          0          0          0         68   rt_locale_intlibspace.o
        68          0          0          0          0         68   rt_memclr.o
        78          0          0          0          0         80   rt_memclr_w.o
       138          0          0          0          0         68   rt_memcpy_v6.o
       100          0          0          0          0         80   rt_memcpy_w.o
         2          0          0          0          0          0   rtexit.o
        10          0          0          0          0          0   rtexit2.o
        20          0          0          0          0         68   strchr.o
       128          0          0          0          0         68   strcmpv7m.o
        62          0          0          0          0         76   strlen.o
        36          0          0          0          0         80   strstr.o
        12          4          0          0          0         68   sys_exit.o
        74          0          0          0          0         80   sys_stackheap_outer.o
        14          0          0          0          0         76   sys_wrch.o
         2          0          0          0          0         68   use_no_semi.o
        98          4          0          0          0         92   d2f.o
       826         16          0          0          0        348   daddsub_clz.o
        16          4          0          0          0         68   dcheck1.o
       688        140          0          0          0        208   ddiv.o
        94          4          0          0          0         92   dfix.o
        90          4          0          0          0         92   dfixu.o
        84          0          0          0          0        136   dflt_clz.o
       340         12          0          0          0        104   dmul.o
       156          4          0          0          0         92   dnaninf.o
        12          0          0          0          0         68   dretinf.o
       460         56          0          0          0        120   dsqrt_noumaal.o
        86          4          0          0          0         84   f2d.o
       430          8          0          0          0        168   faddsub_clz.o
       388         76          0          0          0         96   fdiv.o
        62          4          0          0          0         84   ffixu.o
        86          0          0          0          0        136   fflt_clz.o
       258          4          0          0          0         84   fmul.o
       140          4          0          0          0         84   fnaninf.o
        10          0          0          0          0         68   fretinf.o
         4          0          0          0          0         68   printf1.o
       100          0          0          0          0         68   retnan.o
        92          0          0          0          0         68   scalbn.o
        48          0          0          0          0         68   trapv.o
         0          0          0          0          0          0   usenofp.o
       544         70        152          0          0        124   atan.o
        22          6          0          0          0        136   dunder.o
        40          0          0          0          0         68   fpclassify.o
       170          0          0          0          0         96   poly.o
        76          0          0          0          0         84   sqrt.o

    ----------------------------------------------------------------------
     11094        710        347          0        100       6844   Library Totals
        26          0          2          0          4          0   (incl. Padding)

    ----------------------------------------------------------------------

      Code (inc. data)   RO Data    RW Data    ZI Data      Debug   Library Name

      5648        290        193          0         96       3840   c_w.l
      4568        344          0          0          0       2496   fz_ws.l
       852         76        152          0          0        508   m_ws.l

    ----------------------------------------------------------------------
     11094        710        347          0        100       6844   Library Totals

    ----------------------------------------------------------------------

==============================================================================


      Code (inc. data)   RO Data    RW Data    ZI Data      Debug   

     36678       3192       4522       5200      23936     469266   Grand Totals
     36678       3192       4522       1820      23936     469266   ELF Image Totals (compressed)
     36678       3192       4522       1820          0          0   ROM Totals

==============================================================================

    Total RO  Size (Code + RO Data)                41200 (  40.23kB)
    Total RW  Size (RW Data + ZI Data)             29136 (  28.45kB)
    Total ROM Size (Code + RO Data + RW Data)      43020 (  42.01kB)

==============================================================================

